probe timer armed; request file: C:\Users\marce\AppData\Local\volt-bridge\compile-options.req

== max1
   CompileOptions type: _3S.CoDeSys.LanguageModelManager.CompileOptions
   before ReplaceConstants         Boolean          True  (settable True)
   before UnicodeIdentifiers       Boolean          False  (settable True)
   before UTF8Encoding             Boolean          True  (settable True)
   before MaxCompilerWarnings      Int32            100  (settable True)
   before EnableBreakpointLogging  Boolean          True  (settable True)
   before ProjectDefines           String           ''  (settable True)
   set MaxCompilerWarnings = '1'
   after  ReplaceConstants         Boolean          True  (settable True)
   after  UnicodeIdentifiers       Boolean          False  (settable True)
   after  UTF8Encoding             Boolean          True  (settable True)
   after  MaxCompilerWarnings      Int32            1  (settable True)
   after  EnableBreakpointLogging  Boolean          True  (settable True)
   after  ProjectDefines           String           ''  (settable True)

== max0
   CompileOptions type: _3S.CoDeSys.LanguageModelManager.CompileOptions
   before ReplaceConstants         Boolean          True  (settable True)
   before UnicodeIdentifiers       Boolean          False  (settable True)
   before UTF8Encoding             Boolean          True  (settable True)
   before MaxCompilerWarnings      Int32            1  (settable True)
   before EnableBreakpointLogging  Boolean          True  (settable True)
   before ProjectDefines           String           ''  (settable True)
   set MaxCompilerWarnings = '0'
   after  ReplaceConstants         Boolean          True  (settable True)
   after  UnicodeIdentifiers       Boolean          False  (settable True)
   after  UTF8Encoding             Boolean          True  (settable True)
   after  MaxCompilerWarnings      Int32            0  (settable True)
   after  EnableBreakpointLogging  Boolean          True  (settable True)
   after  ProjectDefines           String           ''  (settable True)

== max3
   CompileOptions type: _3S.CoDeSys.LanguageModelManager.CompileOptions
   before ReplaceConstants         Boolean          True  (settable True)
   before UnicodeIdentifiers       Boolean          False  (settable True)
   before UTF8Encoding             Boolean          True  (settable True)
   before MaxCompilerWarnings      Int32            0  (settable True)
   before EnableBreakpointLogging  Boolean          True  (settable True)
   before ProjectDefines           String           ''  (settable True)
   set MaxCompilerWarnings = '3'
   after  ReplaceConstants         Boolean          True  (settable True)
   after  UnicodeIdentifiers       Boolean          False  (settable True)
   after  UTF8Encoding             Boolean          True  (settable True)
   after  MaxCompilerWarnings      Int32            3  (settable True)
   after  EnableBreakpointLogging  Boolean          True  (settable True)
   after  ProjectDefines           String           ''  (settable True)

== defines+off
   CompileOptions type: _3S.CoDeSys.LanguageModelManager.CompileOptions
   before ReplaceConstants         Boolean          True  (settable True)
   before UnicodeIdentifiers       Boolean          False  (settable True)
   before UTF8Encoding             Boolean          True  (settable True)
   before MaxCompilerWarnings      Int32            3  (settable True)
   before EnableBreakpointLogging  Boolean          True  (settable True)
   before ProjectDefines           String           ''  (settable True)
   set MaxCompilerWarnings = '100'
   set ReplaceConstants = 'false'
   set ProjectDefines = 'A,B'
   after  ReplaceConstants         Boolean          False  (settable True)
   after  UnicodeIdentifiers       Boolean          False  (settable True)
   after  UTF8Encoding             Boolean          True  (settable True)
   after  MaxCompilerWarnings      Int32            100  (settable True)
   after  EnableBreakpointLogging  Boolean          True  (settable True)
   after  ProjectDefines           String           'A,B'  (settable True)

== defines-spaced
   CompileOptions type: _3S.CoDeSys.LanguageModelManager.CompileOptions
   before ReplaceConstants         Boolean          False  (settable True)
   before UnicodeIdentifiers       Boolean          False  (settable True)
   before UTF8Encoding             Boolean          True  (settable True)
   before MaxCompilerWarnings      Int32            100  (settable True)
   before EnableBreakpointLogging  Boolean          True  (settable True)
   before ProjectDefines           String           'A,B'  (settable True)
   set ProjectDefines = 'A, B'
   after  ReplaceConstants         Boolean          False  (settable True)
   after  UnicodeIdentifiers       Boolean          False  (settable True)
   after  UTF8Encoding             Boolean          True  (settable True)
   after  MaxCompilerWarnings      Int32            100  (settable True)
   after  EnableBreakpointLogging  Boolean          True  (settable True)
   after  ProjectDefines           String           'A, B'  (settable True)

== max0b
   CompileOptions type: _3S.CoDeSys.LanguageModelManager.CompileOptions
   before ReplaceConstants         Boolean          False  (settable True)
   before UnicodeIdentifiers       Boolean          False  (settable True)
   before UTF8Encoding             Boolean          True  (settable True)
   before MaxCompilerWarnings      Int32            100  (settable True)
   before EnableBreakpointLogging  Boolean          True  (settable True)
   before ProjectDefines           String           'A, B'  (settable True)
   set MaxCompilerWarnings = '0'
   after  ReplaceConstants         Boolean          False  (settable True)
   after  UnicodeIdentifiers       Boolean          False  (settable True)
   after  UTF8Encoding             Boolean          True  (settable True)
   after  MaxCompilerWarnings      Int32            0  (settable True)
   after  EnableBreakpointLogging  Boolean          True  (settable True)
   after  ProjectDefines           String           'A, B'  (settable True)

== max1b
   CompileOptions type: _3S.CoDeSys.LanguageModelManager.CompileOptions
   before ReplaceConstants         Boolean          False  (settable True)
   before UnicodeIdentifiers       Boolean          False  (settable True)
   before UTF8Encoding             Boolean          True  (settable True)
   before MaxCompilerWarnings      Int32            0  (settable True)
   before EnableBreakpointLogging  Boolean          True  (settable True)
   before ProjectDefines           String           'A, B'  (settable True)
   set MaxCompilerWarnings = '1'
   after  ReplaceConstants         Boolean          False  (settable True)
   after  UnicodeIdentifiers       Boolean          False  (settable True)
   after  UTF8Encoding             Boolean          True  (settable True)
   after  MaxCompilerWarnings      Int32            1  (settable True)
   after  EnableBreakpointLogging  Boolean          True  (settable True)
   after  ProjectDefines           String           'A, B'  (settable True)
