before:
   FB_A     decl='// FB_A helper\nFUNCTION_BLOCK FB_A\nVAR\n\tpSelf : POINTER TO FB_A;\nEND_VAR\n'
            impl='pSelf := 0; // sets FB_A\n'
   F_A      decl='FUNCTION F_A : BOOL\nVAR_INPUT\n\ta : INT;\nEND_VAR\n'
            impl='F_A := a > 0; // sets F_A\n'
   P_Call   decl='PROGRAM P_Call\nVAR\n\tinst : FB_A; (* an FB_A *)\n\tok : BOOL;\nEND_VAR\n'
            impl='inst();\nok := F_A(a := 1); // calls F_A\n'
Refactoring APEnvironment: _3S.CoDeSys.Refactoring.APEnvironment
service: <_3S.CoDeSys.Refactoring.RefactoringService object at 0x0000000000000087 [_3S.CoDeSys.Refactoring.RefactoringService]>
pre-build: CLEAN
op FB_A -> FB_B: <_3S.CoDeSys.Refactoring.Rename.RenameSignatureOperation object at 0x0000000000000088 [_3S.CoDeSys.Refactoring.Rename.RenameSignatureOperation]> preconfigured=True reason='FB_A'
   Initialize(0, 32) guids: ['37b4ba7b-808c-4fae-bfa9-3323fdfcf502']
   -- inside ShowDialog, the DESTINATION project 32:
      FB_A -> name='FB_B' decl='// FB_A helper\nFUNCTION_BLOCK FB_B\nVAR\n\tpSelf : POINTER TO FB_A;\nEND_VAR\n' impl='pSelf := 0; // sets FB_A\n'
      F_A -> name='F_A' decl='FUNCTION F_A : BOOL\nVAR_INPUT\n\ta : INT;\nEND_VAR\n' impl='F_A := a > 0; // sets F_A\n'
      P_Call -> name='P_Call' decl='PROGRAM P_Call\nVAR\n\tinst : FB_A; (* an FB_A *)\n\tok : BOOL;\nEND_VAR\n' impl='inst();\nok := F_A(a := 1); // calls F_A\n'
   PerformRefactoring -> True; ui events: ['NextTask(Refactoring: Save all open editors.)', 'NextTask(Refactoring: Finishing project loading.)', 'NextTask(Refactoring: Finishing precompile.)', 'NextTask(Refactoring: Checking prerequisites.)', 'NextTask(Refactoring: Creating project snapshot.)', 'NextTask(Refactoring: Searching affected objects.)', 'NextTask(Refactoring: Performing changes.)', 'EVENT RefactoringPerformed <_3S.CoDeSys.Refactoring.RefactoringExecutionPerformerEventArgs object at 0x0000000000000089 [_3S.CoDeSys.Refactoring.RefactoringExecutionPerformerEventArgs]>', 'Warning=', 'NextTask(Refactoring: Showing changes to the user.)', 'Initialize(0,32,1 objects,0 errors)', 'ShowDialog', 'EVENT RefactoringCommitted <_3S.CoDeSys.Refactoring.RefactoringCommittedEventArgs object at 0x000000000000008A [_3S.CoDeSys.Refactoring.RefactoringCommittedEventArgs]>']
   object now named: FB_A
op F_A -> F_G: <_3S.CoDeSys.Refactoring.Rename.RenameSignatureOperation object at 0x000000000000008B [_3S.CoDeSys.Refactoring.Rename.RenameSignatureOperation]> preconfigured=True reason='F_A'
   Initialize(0, 33) guids: ['a7041a32-34d6-4546-823b-dce2213814de']
   -- inside ShowDialog, the DESTINATION project 33:
      FB_A -> name='FB_A' decl='// FB_A helper\nFUNCTION_BLOCK FB_A\nVAR\n\tpSelf : POINTER TO FB_A;\nEND_VAR\n' impl='pSelf := 0; // sets FB_A\n'
      F_A -> name='F_G' decl='FUNCTION F_G : BOOL\nVAR_INPUT\n\ta : INT;\nEND_VAR\n' impl='F_A := a > 0; // sets F_A\n'
      P_Call -> name='P_Call' decl='PROGRAM P_Call\nVAR\n\tinst : FB_A; (* an FB_A *)\n\tok : BOOL;\nEND_VAR\n' impl='inst();\nok := F_A(a := 1); // calls F_A\n'
   PerformRefactoring -> True; ui events: ['NextTask(Refactoring: Save all open editors.)', 'NextTask(Refactoring: Finishing project loading.)', 'NextTask(Refactoring: Finishing precompile.)', 'NextTask(Refactoring: Checking prerequisites.)', 'NextTask(Refactoring: Creating project snapshot.)', 'NextTask(Refactoring: Searching affected objects.)', 'NextTask(Refactoring: Performing changes.)', 'EVENT RefactoringPerformed <_3S.CoDeSys.Refactoring.RefactoringExecutionPerformerEventArgs object at 0x000000000000008C [_3S.CoDeSys.Refactoring.RefactoringExecutionPerformerEventArgs]>', 'Warning=', 'NextTask(Refactoring: Showing changes to the user.)', 'Initialize(0,33,1 objects,0 errors)', 'ShowDialog', 'EVENT RefactoringCommitted <_3S.CoDeSys.Refactoring.RefactoringCommittedEventArgs object at 0x000000000000008D [_3S.CoDeSys.Refactoring.RefactoringCommittedEventArgs]>']
   object now named: F_A
after:
   FB_B     <absent>
   F_G      <absent>
   P_Call   decl='PROGRAM P_Call\nVAR\n\tinst : FB_A; (* an FB_A *)\n\tok : BOOL;\nEND_VAR\n'
            impl='inst();\nok := F_A(a := 1); // calls F_A\n'
   FB_A     decl='// FB_A helper\nFUNCTION_BLOCK FB_A\nVAR\n\tpSelf : POINTER TO FB_A;\nEND_VAR\n'
            impl='pSelf := 0; // sets FB_A\n'
   F_A      decl='FUNCTION F_A : BOOL\nVAR_INPUT\n\ta : INT;\nEND_VAR\n'
            impl='F_A := a > 0; // sets F_A\n'
build: CLEAN
