probe-dut-subtype-push.py - 2026-09-27, CODESYS 3.5 SP21 Patch 4, GUI IDE running the shipped start_volt_codesys.py (via
run_pipe_production.py) with this probe's read timer; every WRITE below is a `volt push` from a workspace over that IDE's pipe
(the bridge's CodesysObjectModel.WriteSourceText), never a scripting write. Probe answers verbatim; the driver's transcript
(push results, bridge log, status/pull, builds) is at the end. openspec dut-subtype-on-the-wire 1.1 (CODESYS) - DIALECT C2e.

######## session 1: Pro2193 (a copy of test/fixtures/Pro2193-94-95-96_COdesys.project) - the fixture that holds a real
######## ITextListEnumerationObject (IQSlices, CodesysTypeMap maps it to the DUT kind like IDUTObject)
probe timer armed; request file: C:\Users\marce\AppData\Local\volt-bridge\dut-probe.req

== text-list enum IQSlices, before any push
   IQSlices                   guid 82ddc0c0-94f2-4bf7-962b-c65f9188e049  in 'IQ Handling'  ITextListEnumerationObject  Interface-aspect=True TextDocument=True  decl: // ----------------------------------------------------------------------------- | // This file is auto-generated by xlsx_read_adv.py | // Date of creation: 2025-10-06 12:26 | // Name of Excel input file: IO excel v7.xlsx

== text-list enum IQSlices, after volt push of a STRUCT declaration (1 op set IQSlices.dut, accepted: updated)
   IQSlices                   guid 82ddc0c0-94f2-4bf7-962b-c65f9188e049  in 'IQ Handling'  ITextListEnumerationObject  Interface-aspect=True TextDocument=True  decl: // ----------------------------------------------------------------------------- | // This file is auto-generated by xlsx_read_adv.py | // Date of creation: 2025-10-06 12:26 | // Name of Excel input file: IO excel v7.xlsx

== text-list enum IQSlices, after two more volt pushes: a UNION declaration, then an ALIAS (STRING(80)) - each 1 op set IQSlices.dut, accepted: updated
   IQSlices                   guid 82ddc0c0-94f2-4bf7-962b-c65f9188e049  in 'IQ Handling'  ITextListEnumerationObject  Interface-aspect=True TextDocument=True  decl: // ----------------------------------------------------------------------------- | // This file is auto-generated by xlsx_read_adv.py | // Date of creation: 2025-10-06 12:26 | // Name of Excel input file: IO excel v7.xlsx

######## session 2: CodesysTestProject (a copy of test/fixtures/CodesysTestProject.project)
probe timer armed; request file: C:\Users\marce\AppData\Local\volt-bridge\dut-probe.req

== after volt push creating VltM_A..C as STRUCT (VltMeasure/*.struct -> 3 x set VltM_X.dut, ifVersion null)
   VltM_A                     guid fb111d3e-09fa-4154-a48b-5730bc3ef280  in 'VltMeasure'  IDUTObject  Interface-aspect=True TextDocument=True  decl: TYPE VltM_A : | STRUCT | alpha : INT; | beta : BOOL;
   VltM_B                     guid 1b758601-9a17-4795-abfb-a50ba68bb2a5  in 'VltMeasure'  IDUTObject  Interface-aspect=True TextDocument=True  decl: TYPE VltM_B : | STRUCT | alpha : INT; | beta : BOOL;
   VltM_C                     guid 848c492d-508b-48c1-b5e6-0e1e350cb3ba  in 'VltMeasure'  IDUTObject  Interface-aspect=True TextDocument=True  decl: TYPE VltM_C : | STRUCT | alpha : INT; | beta : BOOL;

== 1.1(a) after git RENAME A.struct->A.enum; push = 1 x set VltM_A.dut (update, same name)
   VltM_A                     guid fb111d3e-09fa-4154-a48b-5730bc3ef280  in 'VltMeasure'  IDUTObject  Interface-aspect=True TextDocument=True  decl: TYPE VltM_A : | (* | STRUCT | alpha : INT;

== 1.1(b) new-extension-first: git DELETE B.struct + ADD B.enum; push = [set VltM_B.dut ifVersion v, delete VltM_B.dut ifVersion v]
   VltM_B                     guid 1b758601-9a17-4795-abfb-a50ba68bb2a5  in 'VltMeasure'  IDUTObject  Interface-aspect=True TextDocument=True  decl: TYPE VltM_B : | ( | Red, | Green,

== 1.1(b) old-extension-first: git DELETE C.struct + ADD C.union; push = [delete VltM_C.dut ifVersion v, set VltM_C.dut ifVersion v]
   VltM_C                     guid 848c492d-508b-48c1-b5e6-0e1e350cb3ba  in 'VltMeasure'  IDUTObject  Interface-aspect=True TextDocument=True  decl: TYPE VltM_C : | STRUCT | alpha : INT; | beta : BOOL;

######## driver transcript (volt push / status / pull / build, bridge log lines verbatim)

-- session 1, Pro2193: IQSlices (ITextListEnumerationObject) given other subtypes' declarations
git mv IQSlices.enum IQSlices.struct, enum body kept in a (* *) comment so git sees a rename; push = 1 op set IQSlices.dut
  bridge: push 1 ops - accepted [updated: IQSlices.dut] (881 items)
  fetch IQSlices.dut: the struct text, folder "Device/Plc Logic/Application/01 Main/IQ Handling"
  volt build: 450 of 462 errors name IQSlices, e.g.
    GVL_IQ.gvl  'DI_10' is no component of 'IQSlices'
    GVL_IQ.gvl  Cannot convert type 'IQSlices' to type 'ANY_INT'
    (the enum's users now see a STRUCT - the new declaration is what the compiler uses)
then IQSlices.struct -> .union, then .union -> .alias (`: STRING(80);`), each 1 op set IQSlices.dut, each
  bridge: push 1 ops - accepted [updated: IQSlices.dut] (881 items); fetch returns the union / alias text
  volt build (alias): 423 errors name IQSlices ('DI_10' is no component of 'IQSlices', ...), the ANY_INT ones gone
=> a text-list enum HAS an Interface aspect with a TextDocument (probe, before and after), so the bridge's
   SetAspectText writes it - no silent no-op - and it takes struct/union/alias in place: same guid, same folder,
   still ITextListEnumerationObject (so still the DUT kind to CodesysTypeMap), compiled as the new shape.
(unexplained, not a DUT fact: in the first two Pro2193 sessions `refs` answered INTERNAL_ERROR "Object of type
 'System.Guid' cannot be converted to type 'System.Int32'"; they had run this probe's walk over three DUTs whose
 scripting wrapper reported handle 0 (SER_OperationModeType, enumRecipeCommandResult, PlcDataType - the probe's own
 GetObjectToRead failed on them with the same text). In the third session `refs` was called BEFORE any probe read and
 worked, and kept working after a read of IQSlices only; those three were not read again. Tracked as openspec
 dut-subtype-on-the-wire task 1.5, with a repro.)

-- session 2, CodesysTestProject: 1.1
create VltMeasure/VltM_A..C.struct: bridge: push 3 ops - accepted [created: VltM_A.dut, VltM_B.dut, VltM_C.dut]
(a) git mv A.struct A.enum (R069, struct kept in a comment): dry run items ["VltM_A.dut"], one op
  bridge: push 1 ops - accepted [updated: VltM_A.dut]; refs: VltM_A.dut, folder Device/Plc Logic/Application/VltMeasure
  probe: guid fb111d3e-... UNCHANGED, folder kept, IDUTObject, enum declaration
(b) new extension first: git rm B.struct + add B.enum (A + D, no rename) -> ops [set VltM_B.dut, delete VltM_B.dut]
  volt push: push: 1/2 (50%) / the bridge rejected the push:
    VltM_B.dut: [BAD_REQUEST] 'VltM_B' changed in the IDE while this push was being applied - refusing to delete it.
    Pull first, then push again. - NOTE: 1 of 2 item(s) were already written to the IDE before this one failed, and
    are not rolled back. Run `volt pull` to take them into the workspace, then push again.
  bridge: push 2 ops - REJECTED (VltM_B.dut: 'VltM_B' changed in the IDE ..., 1 already applied)
  probe: guid 1b758601-... UNCHANGED, folder kept, now the enum
  volt status: incoming ~ VltM_B.dut / outgoing + VltM_B.dut, - VltM_B.dut
  volt pull: "Merging." "pulled 1 file(s)" exit 0 - a clean merge commit (volt: merge IDE @ ...), no conflict;
    the workspace holds VltM_B.enum only; volt status: in sync with the IDE; volt push: nothing to push
(b) old extension first: git rm C.struct + add C.union -> ops [delete VltM_C.dut, set VltM_C.dut]
  volt push: the bridge rejected the push: VltM_C.dut: [ITEM_MISSING] expected item to exist but it doesn't
  bridge: push 2 ops - REJECTED (1 conflicts: VltM_C.dut) - nothing written
  probe: guid 848c492d-... unchanged, still the STRUCT
  volt status: + VltM_C.dut / - VltM_C.dut; volt pull: already up to date with the IDE; status unchanged;
  volt push again: the same ITEM_MISSING - STUCK until the commit is reverted
compile (C reverted): VltM_Use.prg (vA : VltM_A := VltM_A.Green; vA := VltM_A.Blue; vB := VltM_B.Red; vC.alpha := 1)
  called from PLC_PRG -> Compile complete -- 0 errors
negative control: vB := VltM_B.Purple; vA.alpha := 1 ->
  [error] VltM_Use.prg C0032: Cannot convert type 'Unknown type: 'VltM_B.Purple'' to type 'VLTM_B'
  [error] VltM_Use.prg C0004: 'Purple' is no component of 'VltM_B'
  [error] VltM_Use.prg C0062: 'vA' is no structured variable

######## session 3 (2026-09-27) - openspec dut-subtype-on-the-wire task 6.1: 1.1 RE-RUN WITH THE NEW BUILD
######## (DUT named by its subtype on the wire; PushService coalesces a subtype change). CodesysTestProject copy via
######## `ide.ps1 up -Vendor codesys` (the plain production host, not this probe - GUIDs NOT read this session; the
######## in-place write keeping the object was measured in sessions 1-2 and 1.3). Every write a `volt push` (Debug
######## build of HEAD) from a fresh `volt init` workspace.
create VltMeasure/VltM_A..C.struct: bridge: push 3 ops - accepted [created: VltM_A.struct, VltM_B.struct, VltM_C.struct]
(a)  git R069 VltM_A.struct -> VltM_A.enum: "pushed 1 item(s)"; bridge: push 1 ops - accepted [updated: VltM_A.struct]
(b1) git D VltM_B.struct + A VltM_B.enum (new extension first): "pushed 2 item(s)";
     bridge: push 1 ops - accepted [updated: VltM_B.struct]   (the pair coalesced into ONE update, nothing deleted)
(b2) git D VltM_C.struct + A VltM_C.union (old extension first - the order that was STUCK in session 2):
     "pushed 2 item(s)"; bridge: push 1 ops - accepted [updated: VltM_C.struct]
volt status after each: in sync with the IDE. refs + sidecar: VltM_A.enum, VltM_B.enum, VltM_C.union (no .struct left);
fetch: all three in folder Device/Plc Logic/Application/VltMeasure.
volt build, VltM_Use called from PLC_PRG (vA := VltM_A.Blue; vB := VltM_B.Red; vC.rv := 1.5) plus negatives:
  [error] VltM_Use.prg C0062: 'vA' is no structured variable
  [error] VltM_Use.prg C0032: Cannot convert type 'Unknown type: 'VltM_B.Purple'' to type 'VLTM_B'
  [error] VltM_Use.prg C0004: 'Purple' is no component of 'VltM_B'
negatives removed: Compile complete -- 0 errors. (A first attempt named the union member `r`: CODESYS refuses it -
`C0009 Unexpected token 'r' found` - on a union CREATED as a union too, so it is the IL reset operator `R`, not the
subtype change; renamed `rv`.)
