seed folder: VltSubtype
baseline build errors: []

== VltSub_enum: created as Structure, guid ae6b3222-5e51-4007-8149-6c333fbf2a80
   write enum declaration -> accepted
   after: guid ae6b3222-5e51-4007-8149-6c333fbf2a80 (SAME)
   after: folder VltSubtype, declaration 'TYPE VltSub_enum :\n(\n\tRed,\n\tGreen,\n\tBlue\n);\nEND_TYPE\n'

== VltSub_union: created as Structure, guid ec39694f-148c-481a-94fc-739abe77fabe
   write union declaration -> accepted
   after: guid ec39694f-148c-481a-94fc-739abe77fabe (SAME)
   after: folder VltSubtype, declaration 'TYPE VltSub_union :\nUNION\n\ti : INT;\n\trv : REAL;\nEND_UNION\nEND_TYPE\n'

== VltSub_alias: created as Structure, guid d3ec50f8-30db-4aea-99f3-5b271ce5b2ff
   write alias declaration -> accepted
   after: guid d3ec50f8-30db-4aea-99f3-5b271ce5b2ff (SAME)
   after: folder VltSubtype, declaration 'TYPE VltSub_alias : STRING(80);\nEND_TYPE\n'

== VltSub_struct: created as Structure, guid 0b16a492-ec03-45a0-bdd5-5901e20deec7
   write struct declaration -> accepted
   after: guid 0b16a492-ec03-45a0-bdd5-5901e20deec7 (SAME)
   after: folder VltSubtype, declaration 'TYPE VltSub_struct :\nSTRUCT\n\talpha : INT;\n\tbeta : BOOL;\nEND_STRUCT\nEND_TYPE\n'

build after the in-place subtype changes: 0 new error(s)
negative control (VltSub_enum.Purple, v_enum.alpha): 3 new error(s)
   [Error] Cannot convert type 'Unknown type: 'VltSub_enum.Purple'' to type 'VLTSUB_ENUM'
   [Error] 'Purple' is no component of 'VltSub_enum'
   [Error] 'v_enum' is no structured variable
