probe-kind-audit2 - project C:\Users\marce\AppData\Local\Temp\volt-ide-codesys-kind-audit\Pro2193-94-95-96_COdesys.project
== VltB_FB: VltB_FB: clr=_3S.CoDeSys.POUObject.POUObject ifaces=[IGenerateableObject+IPOUObject] sig=FunctionBlock/None impl=STImplementationObject
    create_method: accepted -> VltB_F_me: clr=_3S.CoDeSys.MethodObject.POUMethodObject ifaces=[IPOUMethodObject] sig=Method/None impl=STImplementationObject
    create_property: accepted -> VltB_F_p: clr=_3S.CoDeSys.PropertyObject.PropertyObject ifaces=[IInterfacePropertyObject+IPropertyObject] sig=null
    create_action: accepted -> VltB_F_ac: clr=_3S.CoDeSys.ActionObject.ActionObject ifaces=[IActionObject] sig=Action/None impl=STImplementationObject
    create_transition: accepted -> VltB_F_tr: clr=_3S.CoDeSys.TransitionObject.TransitionObject ifaces=[ITransitionObject] sig=Method/None impl=STImplementationObject
== VltB_PRG: VltB_PRG: clr=_3S.CoDeSys.POUObject.POUObject ifaces=[IGenerateableObject+IPOUObject] sig=Program/None impl=STImplementationObject
    create_method: accepted -> VltB_P_me: clr=_3S.CoDeSys.MethodObject.POUMethodObject ifaces=[IPOUMethodObject] sig=Method/None impl=STImplementationObject
    create_property: accepted -> VltB_P_p: clr=_3S.CoDeSys.PropertyObject.PropertyObject ifaces=[IInterfacePropertyObject+IPropertyObject] sig=null
    create_action: accepted -> VltB_P_ac: clr=_3S.CoDeSys.ActionObject.ActionObject ifaces=[IActionObject] sig=Action/None impl=STImplementationObject
    create_transition: accepted -> VltB_P_tr: clr=_3S.CoDeSys.TransitionObject.TransitionObject ifaces=[ITransitionObject] sig=Method/None impl=STImplementationObject
== VltB_FUN: VltB_FUN: clr=_3S.CoDeSys.POUObject.POUObject ifaces=[IGenerateableObject+IPOUObject] sig=Function/None impl=STImplementationObject
    create_method: REFUSED: Object 'Method' is not accepted by parent object, or invalid (e. g. missing plugin or devi
    create_property: REFUSED: Object 'Property' is not accepted by parent object, or invalid (e. g. missing plugin or de
    create_action: REFUSED: Object 'Action' is not accepted by parent object, or invalid (e. g. missing plugin or devi
    create_transition: REFUSED: Object 'Transition' is not accepted by parent object, or invalid (e. g. missing plugin or 
== VltB_FBasFUN: VltB_FBasFUN: clr=_3S.CoDeSys.POUObject.POUObject ifaces=[IGenerateableObject+IPOUObject] sig=Function/None impl=STImplementationObject
    create_method: REFUSED: Object 'Method' is not accepted by parent object, or invalid (e. g. missing plugin or devi
    create_property: REFUSED: Object 'Property' is not accepted by parent object, or invalid (e. g. missing plugin or de
    create_action: REFUSED: Object 'Action' is not accepted by parent object, or invalid (e. g. missing plugin or devi
    create_transition: REFUSED: Object 'Transition' is not accepted by parent object, or invalid (e. g. missing plugin or 
== VltB_FUNasFB: VltB_FUNasFB: clr=_3S.CoDeSys.POUObject.POUObject ifaces=[IGenerateableObject+IPOUObject] sig=FunctionBlock/None impl=STImplementationObject
    create_method: accepted -> VltB_F_me: clr=_3S.CoDeSys.MethodObject.POUMethodObject ifaces=[IPOUMethodObject] sig=Method/None impl=STImplementationObject
    create_property: accepted -> VltB_F_p: clr=_3S.CoDeSys.PropertyObject.PropertyObject ifaces=[IInterfacePropertyObject+IPropertyObject] sig=null
    create_action: accepted -> VltB_F_ac: clr=_3S.CoDeSys.ActionObject.ActionObject ifaces=[IActionObject] sig=Action/None impl=STImplementationObject
    create_transition: accepted -> VltB_F_tr: clr=_3S.CoDeSys.TransitionObject.TransitionObject ifaces=[ITransitionObject] sig=Method/None impl=STImplementationObject
== VltB_FBasITF: VltB_FBasITF: clr=_3S.CoDeSys.POUObject.POUObject ifaces=[IGenerateableObject+IPOUObject] sig=Interface/None impl=STImplementationObject
    create_method: REFUSED: Object 'Method' is not accepted by parent object, or invalid (e. g. missing plugin or devi
    create_property: REFUSED: Object 'Property' is not accepted by parent object, or invalid (e. g. missing plugin or de
    create_action: accepted -> VltB_F_ac: clr=_3S.CoDeSys.ActionObject.ActionObject ifaces=[IActionObject] sig=Action/None impl=STImplementationObject
    create_transition: accepted -> VltB_F_tr: clr=_3S.CoDeSys.TransitionObject.TransitionObject ifaces=[ITransitionObject] sig=Method/None impl=STImplementationObject
== VltB_FBbroken: VltB_FBbroken: clr=_3S.CoDeSys.POUObject.POUObject ifaces=[IGenerateableObject+IPOUObject] sig=None/None impl=STImplementationObject
    create_method: REFUSED: Object 'Method' is not accepted by parent object, or invalid (e. g. missing plugin or devi
    create_property: REFUSED: Object 'Property' is not accepted by parent object, or invalid (e. g. missing plugin or de
    create_action: accepted -> VltB_F_ac: clr=_3S.CoDeSys.ActionObject.ActionObject ifaces=[IActionObject] sig=Action/None impl=STImplementationObject
    create_transition: accepted -> VltB_F_tr: clr=_3S.CoDeSys.TransitionObject.TransitionObject ifaces=[ITransitionObject] sig=Method/None impl=STImplementationObject
== VltB_Keep (FB with method, rewritten FUNCTION): VltB_Keep: clr=_3S.CoDeSys.POUObject.POUObject ifaces=[IGenerateableObject+IPOUObject] sig=Function/None impl=STImplementationObject ; children ['KM']
== plain method in ABSTRACT FB: AM: clr=_3S.CoDeSys.MethodObject.POUMethodObject ifaces=[IPOUMethodObject] sig=Method/None impl=STImplementationObject
   write METHOD ABSTRACT text: ok
   -> AM: clr=_3S.CoDeSys.MethodObject.POUMethodObject ifaces=[IPOUMethodObject] sig=Method/Abstract impl=STImplementationObject
== existing AbstractPOUMethodObject TakePicture decl: METHOD ABSTRACT TakePicture : enumResultTakePicture | 
   write plain METHOD text: ok
   -> TakePicture: clr=_3S.CoDeSys.MethodObject.AbstractPOUMethodObject ifaces=[IAbstractPOUMethodObject+IPOUMethodObject] sig=Method/None
== check function CheckBounds decl: // Implicitly generated code : DO NOT EDIT | FUNCTION CheckBounds : DINT | VAR_INPUT | 	index, lower
== persistent PersistentVars decl: {attribute 'qualified_only'} | {attribute 'symbol' := 'readwrite'} | VAR_GLOBAL PERSISTENT RETAIN | 	RecipeVars						: RetainedVarsInRecipeT
DONE
