== library-signature cost — twincat-project14-step2 — twincat — pipe volt.bridge.twincat.27408 — 2026-10-03T21:25:02.002Z
  refs: 819 ms  items=18
  .library refs: 3; Standard: ["Tc2_Standard.library"]

-- 1.1 directed read of Tc2_Standard.library (cold session, before any extraction)
  directed #0: 120 ms  librariesRefreshed=false  changed=1  .library=1  signatures=0  under (unresolved)=0  items=1
  item "Tc2_Standard.library" folder="References/Tc2_Standard" chars=152
    | LIBRARY Tc2_Standard
    | NAMESPACE Tc2_Standard
    | RESOLUTION Tc2_Standard, 3.4.5.0 (Beckhoff Automation GmbH)
    | PLACEHOLDER true
    | SYSTEM false
    | MATERIALIZATION 4
    | 

-- 1.2 full fetches
  init #1 (COLD extraction): 124 ms  librariesRefreshed=true  changed=252  .library=3  signatures=234  under (unresolved)=0  items=18

-- R1 refs: 3, wildcard RESOLUTIONs: 0
  (unresolved) folders: 0
  refs whose folder holds no signature: 0

-- refs sharing one RESOLUTION: 0 group(s)

-- refs sharing one title + company: 0 group(s)

-- signature folders in init #1: 3
    32	References/Tc2_Standard
    164	References/Tc2_System
    38	References/Tc3_Module
  TON.pou in References/Tc2_Standard:
    | FUNCTION_BLOCK TON
    | VAR_INPUT
    | 	IN : BOOL;
    | 	PT : TIME;
    | END_VAR
    | VAR_OUTPUT
    | 	Q : BOOL;
    | 	ET : TIME;
    | END_VAR
    | END_FUNCTION_BLOCK

  init #2 (WARM extraction): 117 ms  librariesRefreshed=true  changed=252  .library=3  signatures=234  under (unresolved)=0  items=18
  init #3 (WARM extraction): 137 ms  librariesRefreshed=true  changed=252  .library=3  signatures=234  under (unresolved)=0  items=18
  init #4 (WARM extraction): 119 ms  librariesRefreshed=true  changed=252  .library=3  signatures=234  under (unresolved)=0  items=18
  known #1 (no extraction: walk-only floor): 95 ms  librariesRefreshed=false  changed=0  .library=0  signatures=0  under (unresolved)=0  items=18
  known #2 (no extraction: walk-only floor): 104 ms  librariesRefreshed=false  changed=0  .library=0  signatures=0  under (unresolved)=0  items=18
  known #3 (no extraction: walk-only floor): 99 ms  librariesRefreshed=false  changed=0  .library=0  signatures=0  under (unresolved)=0  items=18

-- .library re-sent by a known fetch: 0

  directed #1 (warm session): 102 ms  librariesRefreshed=false  changed=1  .library=1  signatures=0  under (unresolved)=0  items=1
  directed #2 (warm session): 97 ms  librariesRefreshed=false  changed=1  .library=1  signatures=0  under (unresolved)=0  items=1
  directed #3 (warm session): 93 ms  librariesRefreshed=false  changed=1  .library=1  signatures=0  under (unresolved)=0  items=1

-- 2.3 two directed reads of different libraries in a row: "Tc2_System.library" then "Tc2_Standard.library"
  directed "Tc2_System.library": 100 ms  librariesRefreshed=false  changed=1  .library=1  signatures=0  under (unresolved)=0  items=1
    DIFFERS (expected 165, got 1: 164 missing, 0 extra)
  directed "Tc2_Standard.library": 93 ms  librariesRefreshed=false  changed=1  .library=1  signatures=0  under (unresolved)=0  items=1
    DIFFERS (expected 33, got 1: 32 missing, 0 extra)

-- 4.3 directed == full, per item: 18 names
  "Tc2_Standard.library": DIFFERS (expected 33, got 1: 32 missing, 0 extra)
  "Tc2_System.library": DIFFERS (expected 165, got 1: 164 missing, 0 extra)
  "Tc3_Module.library": DIFFERS (expected 39, got 1: 38 missing, 0 extra)
  per extension (ext, verdict, count):
    dut	SAME	2
    external_types	SAME	1
    gvl	SAME	1
    library	DIFFERS	3
    pou	SAME	8
    projectsettings	SAME	1
    task	SAME	1
    tmc	SAME	1

-- summary (ms): init cold 124; init warm 117/137/119 (median 119); known 95/104/99 (median 99); extraction cold ≈ 25, warm ≈ 20; directed 120 cold-session, 102/97/93 warm
