== library-signature cost — twincat-project14 — twincat — pipe volt.bridge.twincat.39664 — 2026-10-03T20:44:49.265Z
  refs: 758 ms  items=18
  .library refs: 3; Standard: ["Tc2_Standard.library"]

-- 1.1 directed read of Tc2_Standard.library (cold session, before any extraction)
  directed #0: 127 ms  librariesRefreshed=false  changed=1  .library=1  signatures=0  under (unresolved)=0  items=1
  item "Tc2_Standard.library" folder="References/Tc2_Standard" chars=152
    | LIBRARY Tc2_Standard
    | NAMESPACE Tc2_Standard
    | RESOLUTION Tc2_Standard, 3.4.5.0 (Beckhoff Automation GmbH)
    | PLACEHOLDER true
    | SYSTEM false
    | MATERIALIZATION 4
    | 

-- 1.2 full fetches
  init #1 (COLD extraction): 130 ms  librariesRefreshed=true  changed=252  .library=3  signatures=234  under (unresolved)=0  items=18

-- R1 refs: 3, wildcard RESOLUTIONs: 0
  (unresolved) folders: 0
  refs whose folder holds no signature: 0

-- signature folders in init #1: 3
    32	References/Tc2_Standard
    164	References/Tc2_System
    38	References/Tc3_Module
  TON.pou in References/Tc2_Standard:
    | FUNCTION_BLOCK TON
    | VAR_INPUT
    | 	IN : BOOL;
    | 	PT : TIME;
    | END_VAR
    | VAR_OUTPUT
    | 	Q : BOOL;
    | 	ET : TIME;
    | END_VAR
    | END_FUNCTION_BLOCK

  init #2 (WARM extraction): 117 ms  librariesRefreshed=true  changed=252  .library=3  signatures=234  under (unresolved)=0  items=18
  init #3 (WARM extraction): 141 ms  librariesRefreshed=true  changed=252  .library=3  signatures=234  under (unresolved)=0  items=18
  init #4 (WARM extraction): 112 ms  librariesRefreshed=true  changed=252  .library=3  signatures=234  under (unresolved)=0  items=18
  known #1 (no extraction: walk-only floor): 94 ms  librariesRefreshed=false  changed=0  .library=0  signatures=0  under (unresolved)=0  items=18
  known #2 (no extraction: walk-only floor): 104 ms  librariesRefreshed=false  changed=0  .library=0  signatures=0  under (unresolved)=0  items=18
  known #3 (no extraction: walk-only floor): 98 ms  librariesRefreshed=false  changed=0  .library=0  signatures=0  under (unresolved)=0  items=18
  directed #1 (warm session): 99 ms  librariesRefreshed=false  changed=1  .library=1  signatures=0  under (unresolved)=0  items=1
  directed #2 (warm session): 106 ms  librariesRefreshed=false  changed=1  .library=1  signatures=0  under (unresolved)=0  items=1
  directed #3 (warm session): 103 ms  librariesRefreshed=false  changed=1  .library=1  signatures=0  under (unresolved)=0  items=1

-- summary (ms): init cold 130; init warm 117/141/112 (median 117); known 94/104/98 (median 98); extraction cold ≈ 32, warm ≈ 19; directed 127 cold-session, 99/106/103 warm
