probe-merged-classes.py + probe-merged-classes.ts - 2026-10-02, CODESYS 3.5 SP21 Patch 4, GUI IDE (`ide.ps1 up -Instance push-without-header-check
-RunScript probe-merged-classes.py`) running the shipped start_volt_codesys.py with this probe's read timer; every WRITE is one push over that
IDE's pipe (the bridge on HEAD 22917a0677), never a scripting write. openspec push-without-header-check 5.Q.6 - DIALECT C2n.

######## session 1: Pro2193 (a copy of test/fixtures/Pro2193-94-95-96_COdesys.project)
probe timer armed (session 1, Pro2193 copy); request file: %LOCALAPPDATA%\volt-bridge\merged-probe.req

==== 2026-10-02T21:18:05.861Z phase pro2193 (pipe volt.bridge.codesys.49320)
-- PersistentVars.gvl (folder "Device/Plc Logic/Application/05 Global Var Lists"; moved to "Device/Plc Logic/Application/09 Misc")

== PersistentVars.gvl: before any push
   PersistentVars             guid 1b393cd0-ab73-4946-9185-264cc4a32972  in '05 Global Var Lists'  clr=_3S.CoDeSys.GVLObject.VarPersistentObject  [IGVLObject+IGenericObject+IObject+IPersistentGVLObject]  NetVarProperties=None
  push update PersistentVars.gvl in place                           ACCEPTED

== PersistentVars.gvl: after an update in place
   PersistentVars             guid 1b393cd0-ab73-4946-9185-264cc4a32972  in '05 Global Var Lists'  clr=_3S.CoDeSys.GVLObject.VarPersistentObject  [IGVLObject+IGenericObject+IObject+IPersistentGVLObject]  NetVarProperties=None
  push rename PersistentVars.gvl -> VltR_PersistentVars.gvl         ACCEPTED

== PersistentVars.gvl: after a rename to VltR_PersistentVars.gvl
   VltR_PersistentVars        guid 1b393cd0-ab73-4946-9185-264cc4a32972  in '05 Global Var Lists'  clr=_3S.CoDeSys.GVLObject.VarPersistentObject  [IGVLObject+IGenericObject+IObject+IPersistentGVLObject]  NetVarProperties=None
  push rename back + move to Device/Plc Logic/Application/09 Misc   ACCEPTED

== PersistentVars.gvl: after rename back + move to 'Device/Plc Logic/Application/09 Misc'
   PersistentVars             guid 1b393cd0-ab73-4946-9185-264cc4a32972  in '09 Misc'  clr=_3S.CoDeSys.GVLObject.VarPersistentObject  [IGVLObject+IGenericObject+IObject+IPersistentGVLObject]  NetVarProperties=None
  push move home + original text                                    ACCEPTED

== PersistentVars.gvl: after move home + original text
   PersistentVars             guid 1b393cd0-ab73-4946-9185-264cc4a32972  in '05 Global Var Lists'  clr=_3S.CoDeSys.GVLObject.VarPersistentObject  [IGVLObject+IGenericObject+IObject+IPersistentGVLObject]  NetVarProperties=None
-- CheckBounds.pou (folder "Device/Plc Logic/Application/99 Library/Functions/Implicit Check Functions"; moved to "Device/Plc Logic/Application/09 Misc")

== CheckBounds.pou: before any push
   CheckBounds                guid 9a761b79-398b-49e3-888f-84d8b33f5f23  in 'Implicit Check Functions'  clr=_3S.CoDeSys.POUObject.POUObjectCheckFunction  [IGenerateableObject+IGenericObject+IObject+IPOUObject]  KindOfCheckFunction=CheckBounds
  push update CheckBounds.pou in place                              ACCEPTED

== CheckBounds.pou: after an update in place
   CheckBounds                guid 9a761b79-398b-49e3-888f-84d8b33f5f23  in 'Implicit Check Functions'  clr=_3S.CoDeSys.POUObject.POUObjectCheckFunction  [IGenerateableObject+IGenericObject+IObject+IPOUObject]  KindOfCheckFunction=CheckBounds
  push rename CheckBounds.pou -> VltR_CheckBounds.pou               ACCEPTED

== CheckBounds.pou: after a rename to VltR_CheckBounds.pou
   VltR_CheckBounds           guid 9a761b79-398b-49e3-888f-84d8b33f5f23  in 'Implicit Check Functions'  clr=_3S.CoDeSys.POUObject.POUObjectCheckFunction  [IGenerateableObject+IGenericObject+IObject+IPOUObject]  KindOfCheckFunction=CheckBounds
  push rename back + move to Device/Plc Logic/Application/09 Misc   ACCEPTED

== CheckBounds.pou: after rename back + move to 'Device/Plc Logic/Application/09 Misc'
   CheckBounds                guid 9a761b79-398b-49e3-888f-84d8b33f5f23  in '09 Misc'  clr=_3S.CoDeSys.POUObject.POUObjectCheckFunction  [IGenerateableObject+IGenericObject+IObject+IPOUObject]  KindOfCheckFunction=CheckBounds
  push move home + original text                                    ACCEPTED

== CheckBounds.pou: after move home + original text
   CheckBounds                guid 9a761b79-398b-49e3-888f-84d8b33f5f23  in 'Implicit Check Functions'  clr=_3S.CoDeSys.POUObject.POUObjectCheckFunction  [IGenerateableObject+IGenericObject+IObject+IPOUObject]  KindOfCheckFunction=CheckBounds
-- IQSlices.dut (folder "Device/Plc Logic/Application/01 Main/IQ Handling"; moved to "Device/Plc Logic/Application/09 Misc")

== IQSlices.dut: before any push
   IQSlices                   guid 82ddc0c0-94f2-4bf7-962b-c65f9188e049  in 'IQ Handling'  clr=_3S.CoDeSys.TextList.TextListEnumerationObject  [IGenericObject+IObject+ITextListEnumerationObject]  
  push update IQSlices.dut in place                                 ACCEPTED

== IQSlices.dut: after an update in place
   IQSlices                   guid 82ddc0c0-94f2-4bf7-962b-c65f9188e049  in 'IQ Handling'  clr=_3S.CoDeSys.TextList.TextListEnumerationObject  [IGenericObject+IObject+ITextListEnumerationObject]  
  push rename IQSlices.dut -> VltR_IQSlices.dut                     ACCEPTED

== IQSlices.dut: after a rename to VltR_IQSlices.dut
   VltR_IQSlices              guid 82ddc0c0-94f2-4bf7-962b-c65f9188e049  in 'IQ Handling'  clr=_3S.CoDeSys.TextList.TextListEnumerationObject  [IGenericObject+IObject+ITextListEnumerationObject]  
  push rename back + move to Device/Plc Logic/Application/09 Misc   ACCEPTED

== IQSlices.dut: after rename back + move to 'Device/Plc Logic/Application/09 Misc'
   IQSlices                   guid 82ddc0c0-94f2-4bf7-962b-c65f9188e049  in '09 Misc'  clr=_3S.CoDeSys.TextList.TextListEnumerationObject  [IGenericObject+IObject+ITextListEnumerationObject]  
  push move home + original text                                    ACCEPTED

== IQSlices.dut: after move home + original text
   IQSlices                   guid 82ddc0c0-94f2-4bf7-962b-c65f9188e049  in 'IQ Handling'  clr=_3S.CoDeSys.TextList.TextListEnumerationObject  [IGenericObject+IObject+ITextListEnumerationObject]  
-- VisionSystem_BaseFB.pou (folder "Device/Plc Logic/Application/03 Hardware Units/31 SER/31.21 - Vision Systems/Base"; moved to "Device/Plc Logic/Application/09 Misc")

== VisionSystem_BaseFB.pou: before any push
   TakePicture                guid f9dfb2f8-740e-42be-a227-5a1531f55cef  in 'IVisionSystem_Base_Commands'  clr=_3S.CoDeSys.MethodObject.InterfaceMethodObject  [IGenericObject+IInterfaceMethodObject+IObject]  
   VisionSystem_BaseFB        guid 865ffc40-41bf-495c-8f52-e47c05a57c54  in 'Base'  clr=_3S.CoDeSys.POUObject.POUObject  [IGenerateableObject+IGenericObject+IObject+IPOUObject]  KindOfCheckFunction=None
   TakePicture                guid 987315a7-3a30-4e43-9c64-a8edf810d88f  in 'Commands'  clr=_3S.CoDeSys.MethodObject.AbstractPOUMethodObject  [IAbstractPOUMethodObject+IGenericObject+IObject+IPOUMethodObject]  
   TakePicture                guid 4687adb7-791d-47ea-9a7a-640b3a19c0a6  in 'Commands'  clr=_3S.CoDeSys.MethodObject.POUMethodObject  [IGenericObject+IObject+IPOUMethodObject]  
   TakePicture                guid dafd9ff2-d614-4cc9-bca0-5f6ee6f399c9  in 'Commands'  clr=_3S.CoDeSys.MethodObject.POUMethodObject  [IGenericObject+IObject+IPOUMethodObject]  
  push update VisionSystem_BaseFB.pou in place                      ACCEPTED

== VisionSystem_BaseFB.pou: after an update in place
   TakePicture                guid f9dfb2f8-740e-42be-a227-5a1531f55cef  in 'IVisionSystem_Base_Commands'  clr=_3S.CoDeSys.MethodObject.InterfaceMethodObject  [IGenericObject+IInterfaceMethodObject+IObject]  
   VisionSystem_BaseFB        guid 865ffc40-41bf-495c-8f52-e47c05a57c54  in 'Base'  clr=_3S.CoDeSys.POUObject.POUObject  [IGenerateableObject+IGenericObject+IObject+IPOUObject]  KindOfCheckFunction=None
   TakePicture                guid 987315a7-3a30-4e43-9c64-a8edf810d88f  in 'Commands'  clr=_3S.CoDeSys.MethodObject.AbstractPOUMethodObject  [IAbstractPOUMethodObject+IGenericObject+IObject+IPOUMethodObject]  
   TakePicture                guid 4687adb7-791d-47ea-9a7a-640b3a19c0a6  in 'Commands'  clr=_3S.CoDeSys.MethodObject.POUMethodObject  [IGenericObject+IObject+IPOUMethodObject]  
   TakePicture                guid dafd9ff2-d614-4cc9-bca0-5f6ee6f399c9  in 'Commands'  clr=_3S.CoDeSys.MethodObject.POUMethodObject  [IGenericObject+IObject+IPOUMethodObject]  
  push rename VisionSystem_BaseFB.pou -> VltR_VisionSystem_BaseFB.pou ACCEPTED

== VisionSystem_BaseFB.pou: after a rename to VltR_VisionSystem_BaseFB.pou
   TakePicture                guid f9dfb2f8-740e-42be-a227-5a1531f55cef  in 'IVisionSystem_Base_Commands'  clr=_3S.CoDeSys.MethodObject.InterfaceMethodObject  [IGenericObject+IInterfaceMethodObject+IObject]  
   VltR_VisionSystem_BaseFB   guid 865ffc40-41bf-495c-8f52-e47c05a57c54  in 'Base'  clr=_3S.CoDeSys.POUObject.POUObject  [IGenerateableObject+IGenericObject+IObject+IPOUObject]  KindOfCheckFunction=None
   TakePicture                guid 987315a7-3a30-4e43-9c64-a8edf810d88f  in 'Commands'  clr=_3S.CoDeSys.MethodObject.AbstractPOUMethodObject  [IAbstractPOUMethodObject+IGenericObject+IObject+IPOUMethodObject]  
   TakePicture                guid 4687adb7-791d-47ea-9a7a-640b3a19c0a6  in 'Commands'  clr=_3S.CoDeSys.MethodObject.POUMethodObject  [IGenericObject+IObject+IPOUMethodObject]  
   TakePicture                guid dafd9ff2-d614-4cc9-bca0-5f6ee6f399c9  in 'Commands'  clr=_3S.CoDeSys.MethodObject.POUMethodObject  [IGenericObject+IObject+IPOUMethodObject]  
  push rename back + move to Device/Plc Logic/Application/09 Misc   ACCEPTED

== VisionSystem_BaseFB.pou: after rename back + move to 'Device/Plc Logic/Application/09 Misc'
   VisionSystem_BaseFB        guid 865ffc40-41bf-495c-8f52-e47c05a57c54  in '09 Misc'  clr=_3S.CoDeSys.POUObject.POUObject  [IGenerateableObject+IGenericObject+IObject+IPOUObject]  KindOfCheckFunction=None
   TakePicture                guid 987315a7-3a30-4e43-9c64-a8edf810d88f  in 'Commands'  clr=_3S.CoDeSys.MethodObject.AbstractPOUMethodObject  [IAbstractPOUMethodObject+IGenericObject+IObject+IPOUMethodObject]  
   TakePicture                guid f9dfb2f8-740e-42be-a227-5a1531f55cef  in 'IVisionSystem_Base_Commands'  clr=_3S.CoDeSys.MethodObject.InterfaceMethodObject  [IGenericObject+IInterfaceMethodObject+IObject]  
   TakePicture                guid 4687adb7-791d-47ea-9a7a-640b3a19c0a6  in 'Commands'  clr=_3S.CoDeSys.MethodObject.POUMethodObject  [IGenericObject+IObject+IPOUMethodObject]  
   TakePicture                guid dafd9ff2-d614-4cc9-bca0-5f6ee6f399c9  in 'Commands'  clr=_3S.CoDeSys.MethodObject.POUMethodObject  [IGenericObject+IObject+IPOUMethodObject]  
  push move home + original text                                    ACCEPTED

== VisionSystem_BaseFB.pou: after move home + original text
   TakePicture                guid f9dfb2f8-740e-42be-a227-5a1531f55cef  in 'IVisionSystem_Base_Commands'  clr=_3S.CoDeSys.MethodObject.InterfaceMethodObject  [IGenericObject+IInterfaceMethodObject+IObject]  
   VisionSystem_BaseFB        guid 865ffc40-41bf-495c-8f52-e47c05a57c54  in 'Base'  clr=_3S.CoDeSys.POUObject.POUObject  [IGenerateableObject+IGenericObject+IObject+IPOUObject]  KindOfCheckFunction=None
   TakePicture                guid 987315a7-3a30-4e43-9c64-a8edf810d88f  in 'Commands'  clr=_3S.CoDeSys.MethodObject.AbstractPOUMethodObject  [IAbstractPOUMethodObject+IGenericObject+IObject+IPOUMethodObject]  
   TakePicture                guid 4687adb7-791d-47ea-9a7a-640b3a19c0a6  in 'Commands'  clr=_3S.CoDeSys.MethodObject.POUMethodObject  [IGenericObject+IObject+IPOUMethodObject]  
   TakePicture                guid dafd9ff2-d614-4cc9-bca0-5f6ee6f399c9  in 'Commands'  clr=_3S.CoDeSys.MethodObject.POUMethodObject  [IGenericObject+IObject+IPOUMethodObject]  
==== done

-- an earlier run of the four targets above moved each into "Device" (the first other folder refs names: a DEVICE node, not a folder).
   Every such push was ACCEPTED ("moved") and the probe read the object still in its own folder; repeated alone on PersistentVars.gvl:
   push set {toFolder: "Device"} accepted=true, refs afterwards: Device/Plc Logic/Application/05 Global Var Lists. Recorded for
   bridge-refusal-review; the run above uses a folder of the application.

-- the batch 5.Q.6 closes, on the bridge BEFORE the fix (HEAD 22917a0677): ONE push [deleteItem CheckBounds.pou, set CheckBounds.pou] - what `volt push` sends for a file moved and edited past git's rename threshold
  push: accepted=false applied=null
      ITEM_MISSING: expected item to exist but it doesn't
  refs afterwards: CheckBounds.pou published, folder Device/Plc Logic/Application/99 Library/Functions/Implicit Check Functions

== CheckBounds after the delete+set batch
   CheckBounds                guid 9a761b79-398b-49e3-888f-84d8b33f5f23  in 'Implicit Check Functions'  clr=_3S.CoDeSys.POUObject.POUObjectCheckFunction  [IGenerateableObject+IGenericObject+IObject+IPOUObject]  KindOfCheckFunction=CheckBounds
  (the version gate's forward simulation refuses this ORDER: the set's ifVersion names an item the delete before it removed)

-- the other order, same bridge: ONE push [set IQSlices.dut (edited, ifVersion), deleteItem IQSlices.dut (ifVersion)]
  push: accepted=false
      BAD_REQUEST: 'IQSlices' changed in the IDE while this push was being applied — refusing to delete it. Pull first, then push again. — NOTE: 1 of 2 item(s) were already written to the IDE before this one failed, and are not rolled back. Run `volt pull` to take them into the workspace, then push again.
  refs afterwards: IQSlices.dut published, folder Device/Plc Logic/Application/01 Main/IQ Handling

== IQSlices after the set+delete batch
   IQSlices                   guid 82ddc0c0-94f2-4bf7-962b-c65f9188e049  in 'IQ Handling'  clr=_3S.CoDeSys.TextList.TextListEnumerationObject  [IGenericObject+IObject+ITextListEnumerationObject]  

-- FORCED (`volt push --force`, no per-item gate): ONE push, [deleteItem, set] of PersistentVars.gvl, the set edited
  push: accepted=false
      INTERNAL_ERROR: The object GUID '1b393cd0-ab73-4946-9185-264cc4a32972' is not valid. — NOTE: 1 of 2 item(s) were already written to the IDE before this one failed, and are not rolled back. Run `volt pull` to take them into the workspace, then push again.
  refs afterwards: PersistentVars.gvl NOT published

== PersistentVars after the forced batch
   (no object named PersistentVars)

-- FORCED (`volt push --force`, no per-item gate): ONE push, [set, deleteItem] of CheckBounds.pou, the set edited
  push: accepted=true
  refs afterwards: CheckBounds.pou NOT published

== CheckBounds after the forced batch
   (no object named CheckBounds)

######## session 2: Bakon Nano (a copy of Documents\codesysproject\Bakon Nano new VISU v00_90.project) - the NVL CAN_TO_PLC
probe timer armed; request file: C:\Users\marce\AppData\Local\volt-bridge\merged-probe.req

==== 2026-10-02T21:24:37.173Z phase bakon (pipe volt.bridge.codesys.29312)
-- CAN_TO_PLC.gvl (folder "Device/Plc Logic/Application/Global Variables"; moved to "Device/Plc Logic/Application/Task Configuration")

== CAN_TO_PLC.gvl: before any push
   CAN_TO_PLC                 guid 8f7243b7-d346-4f02-9b78-b206131fb61a  in 'Global Variables'  clr=_3S.CoDeSys.NVLObject.NVLObject  [IGenericObject+INVLObject+IObject]  NetVarProperties=
//List Identifier: 2
//Pack Variables: True
//Transmit checksum: False
//Acknowledgement : False
//Cyclic transmission: T#50ms
//Port: 1202
//Broadcast Adr.: 192.168.27.230
  push update CAN_TO_PLC.gvl in place                               ACCEPTED

== CAN_TO_PLC.gvl: after an update in place
   CAN_TO_PLC                 guid 8f7243b7-d346-4f02-9b78-b206131fb61a  in 'Global Variables'  clr=_3S.CoDeSys.NVLObject.NVLObject  [IGenericObject+INVLObject+IObject]  NetVarProperties=
//List Identifier: 2
//Pack Variables: True
//Transmit checksum: False
//Acknowledgement : False
//Cyclic transmission: T#50ms
//Broadcast Adr.: 192.168.27.230
//Port: 1202
  push rename CAN_TO_PLC.gvl -> VltR_CAN_TO_PLC.gvl                 ACCEPTED

== CAN_TO_PLC.gvl: after a rename to VltR_CAN_TO_PLC.gvl
   VltR_CAN_TO_PLC            guid 8f7243b7-d346-4f02-9b78-b206131fb61a  in 'Global Variables'  clr=_3S.CoDeSys.NVLObject.NVLObject  [IGenericObject+INVLObject+IObject]  NetVarProperties=
//List Identifier: 2
//Pack Variables: True
//Transmit checksum: False
//Acknowledgement : False
//Cyclic transmission: T#50ms
//Broadcast Adr.: 192.168.27.230
//Port: 1202
  push rename back + move to Device/Plc Logic/Application/Task Configuration ACCEPTED

== CAN_TO_PLC.gvl: after rename back + move to 'Device/Plc Logic/Application/Task Configuration'
   CAN_TO_PLC                 guid 8f7243b7-d346-4f02-9b78-b206131fb61a  in 'Global Variables'  clr=_3S.CoDeSys.NVLObject.NVLObject  [IGenericObject+INVLObject+IObject]  NetVarProperties=
//List Identifier: 2
//Pack Variables: True
//Transmit checksum: False
//Acknowledgement : False
//Cyclic transmission: T#50ms
//Broadcast Adr.: 192.168.27.230
//Port: 1202
  push move home + original text                                    ACCEPTED

== CAN_TO_PLC.gvl: after move home + original text
   CAN_TO_PLC                 guid 8f7243b7-d346-4f02-9b78-b206131fb61a  in 'Global Variables'  clr=_3S.CoDeSys.NVLObject.NVLObject  [IGenericObject+INVLObject+IObject]  NetVarProperties=
//List Identifier: 2
//Pack Variables: True
//Transmit checksum: False
//Acknowledgement : False
//Cyclic transmission: T#50ms
//Broadcast Adr.: 192.168.27.230
//Port: 1202
-- CheckBounds.pou (folder "Device/Plc Logic/Application/POUs/Implicit Checks"; moved to "Device/Plc Logic/Application/Task Configuration")

== CheckBounds.pou: before any push
   CheckBounds                guid 087ab7f8-d742-4b0b-a371-c869d8eb540e  in 'Implicit Checks'  clr=_3S.CoDeSys.POUObject.POUObjectCheckFunction  [IGenerateableObject+IGenericObject+IObject+IPOUObject]  KindOfCheckFunction=CheckBounds
  push update CheckBounds.pou in place                              ACCEPTED

== CheckBounds.pou: after an update in place
   CheckBounds                guid 087ab7f8-d742-4b0b-a371-c869d8eb540e  in 'Implicit Checks'  clr=_3S.CoDeSys.POUObject.POUObjectCheckFunction  [IGenerateableObject+IGenericObject+IObject+IPOUObject]  KindOfCheckFunction=CheckBounds
  push rename CheckBounds.pou -> VltR_CheckBounds.pou               ACCEPTED

== CheckBounds.pou: after a rename to VltR_CheckBounds.pou
   VltR_CheckBounds           guid 087ab7f8-d742-4b0b-a371-c869d8eb540e  in 'Implicit Checks'  clr=_3S.CoDeSys.POUObject.POUObjectCheckFunction  [IGenerateableObject+IGenericObject+IObject+IPOUObject]  KindOfCheckFunction=CheckBounds
  push rename back + move to Device/Plc Logic/Application/Task Configuration ACCEPTED

== CheckBounds.pou: after rename back + move to 'Device/Plc Logic/Application/Task Configuration'
   CheckBounds                guid 087ab7f8-d742-4b0b-a371-c869d8eb540e  in 'Implicit Checks'  clr=_3S.CoDeSys.POUObject.POUObjectCheckFunction  [IGenerateableObject+IGenericObject+IObject+IPOUObject]  KindOfCheckFunction=CheckBounds
  push move home + original text                                    ACCEPTED

== CheckBounds.pou: after move home + original text
   CheckBounds                guid 087ab7f8-d742-4b0b-a371-c869d8eb540e  in 'Implicit Checks'  clr=_3S.CoDeSys.POUObject.POUObjectCheckFunction  [IGenerateableObject+IGenericObject+IObject+IPOUObject]  KindOfCheckFunction=CheckBounds
==== done

  (the move above went into "Task Configuration", not a folder: ACCEPTED, and the object stayed in its folder - as the move into "Device" on Pro2193. Re-run with a folder that holds source items:)

==== 2026-10-02T21:25:03.136Z phase bakon (pipe volt.bridge.codesys.29312)
-- CAN_TO_PLC.gvl (folder "Device/Plc Logic/Application/Global Variables"; moved to "Device/Plc Logic/Application/Data types/KinematicTransformations/Drivers")

== CAN_TO_PLC.gvl: before any push
   CAN_TO_PLC                 guid 8f7243b7-d346-4f02-9b78-b206131fb61a  in 'Global Variables'  clr=_3S.CoDeSys.NVLObject.NVLObject  [IGenericObject+INVLObject+IObject]  NetVarProperties=
//List Identifier: 2
//Pack Variables: True
//Transmit checksum: False
//Acknowledgement : False
//Cyclic transmission: T#50ms
//Broadcast Adr.: 192.168.27.230
//Port: 1202
  push update CAN_TO_PLC.gvl in place                               ACCEPTED

== CAN_TO_PLC.gvl: after an update in place
   CAN_TO_PLC                 guid 8f7243b7-d346-4f02-9b78-b206131fb61a  in 'Global Variables'  clr=_3S.CoDeSys.NVLObject.NVLObject  [IGenericObject+INVLObject+IObject]  NetVarProperties=
//List Identifier: 2
//Pack Variables: True
//Transmit checksum: False
//Acknowledgement : False
//Cyclic transmission: T#50ms
//Broadcast Adr.: 192.168.27.230
//Port: 1202
  push rename CAN_TO_PLC.gvl -> VltR_CAN_TO_PLC.gvl                 ACCEPTED

== CAN_TO_PLC.gvl: after a rename to VltR_CAN_TO_PLC.gvl
   VltR_CAN_TO_PLC            guid 8f7243b7-d346-4f02-9b78-b206131fb61a  in 'Global Variables'  clr=_3S.CoDeSys.NVLObject.NVLObject  [IGenericObject+INVLObject+IObject]  NetVarProperties=
//List Identifier: 2
//Pack Variables: True
//Transmit checksum: False
//Acknowledgement : False
//Cyclic transmission: T#50ms
//Broadcast Adr.: 192.168.27.230
//Port: 1202
  push rename back + move to Device/Plc Logic/Application/Data types/KinematicTransformations/Drivers ACCEPTED

== CAN_TO_PLC.gvl: after rename back + move to 'Device/Plc Logic/Application/Data types/KinematicTransformations/Drivers'
   CAN_TO_PLC                 guid 8f7243b7-d346-4f02-9b78-b206131fb61a  in 'Drivers'  clr=_3S.CoDeSys.NVLObject.NVLObject  [IGenericObject+INVLObject+IObject]  NetVarProperties=
//List Identifier: 2
//Pack Variables: True
//Transmit checksum: False
//Acknowledgement : False
//Cyclic transmission: T#50ms
//Broadcast Adr.: 192.168.27.230
//Port: 1202
  push move home + original text                                    ACCEPTED

== CAN_TO_PLC.gvl: after move home + original text
   CAN_TO_PLC                 guid 8f7243b7-d346-4f02-9b78-b206131fb61a  in 'Global Variables'  clr=_3S.CoDeSys.NVLObject.NVLObject  [IGenericObject+INVLObject+IObject]  NetVarProperties=
//List Identifier: 2
//Pack Variables: True
//Transmit checksum: False
//Acknowledgement : False
//Cyclic transmission: T#50ms
//Broadcast Adr.: 192.168.27.230
//Port: 1202
-- CheckBounds.pou (folder "Device/Plc Logic/Application/POUs/Implicit Checks"; moved to "Device/Plc Logic/Application/Data types/KinematicTransformations/Drivers")

== CheckBounds.pou: before any push
   CheckBounds                guid 087ab7f8-d742-4b0b-a371-c869d8eb540e  in 'Implicit Checks'  clr=_3S.CoDeSys.POUObject.POUObjectCheckFunction  [IGenerateableObject+IGenericObject+IObject+IPOUObject]  KindOfCheckFunction=CheckBounds
  push update CheckBounds.pou in place                              ACCEPTED

== CheckBounds.pou: after an update in place
   CheckBounds                guid 087ab7f8-d742-4b0b-a371-c869d8eb540e  in 'Implicit Checks'  clr=_3S.CoDeSys.POUObject.POUObjectCheckFunction  [IGenerateableObject+IGenericObject+IObject+IPOUObject]  KindOfCheckFunction=CheckBounds
  push rename CheckBounds.pou -> VltR_CheckBounds.pou               ACCEPTED

== CheckBounds.pou: after a rename to VltR_CheckBounds.pou
   VltR_CheckBounds           guid 087ab7f8-d742-4b0b-a371-c869d8eb540e  in 'Implicit Checks'  clr=_3S.CoDeSys.POUObject.POUObjectCheckFunction  [IGenerateableObject+IGenericObject+IObject+IPOUObject]  KindOfCheckFunction=CheckBounds
  push rename back + move to Device/Plc Logic/Application/Data types/KinematicTransformations/Drivers ACCEPTED

== CheckBounds.pou: after rename back + move to 'Device/Plc Logic/Application/Data types/KinematicTransformations/Drivers'
   CheckBounds                guid 087ab7f8-d742-4b0b-a371-c869d8eb540e  in 'Drivers'  clr=_3S.CoDeSys.POUObject.POUObjectCheckFunction  [IGenerateableObject+IGenericObject+IObject+IPOUObject]  KindOfCheckFunction=CheckBounds
  push move home + original text                                    ACCEPTED

== CheckBounds.pou: after move home + original text
   CheckBounds                guid 087ab7f8-d742-4b0b-a371-c869d8eb540e  in 'Implicit Checks'  clr=_3S.CoDeSys.POUObject.POUObjectCheckFunction  [IGenerateableObject+IGenericObject+IObject+IPOUObject]  KindOfCheckFunction=CheckBounds
==== done
