census of: Lenze_MID-S100_V5_00_602_T51_Codesys.project
POUs with networks: 40   networks: 373

1.1 item flag Negation on BoxTreeOperand (depth >0)                       359   e.g. Mach1_Drives net0
1.11 execute box at top (depth 0, enabled=True)                             9   e.g. SideCorrection net5
1.12 instance text not a token                                              1   e.g. ATD_TorqueControl net0: SUPER^
1.2 Assign with RValue Terminator(null)                                     3   e.g. General net5
1.3 parallel Mode=BoxShortCircuit feed=none branches=2                      4   e.g. Mach1_MIDS net41
1.3 parallel Mode=BoxShortCircuit feed=none branches=3                      1   e.g. TrayFiller net12
1.3 parallel Mode=BoxShortCircuit feed=tree branches=2                     11   e.g. Mach1_Drives net6
1.3 parallel Mode=Sequential feed=tree branches=2                           1   e.g. MainDrive net1
1.5 operator ADD InputParams.Names=['EN']                                  17   e.g. Mach1_MIDS net41
1.5 operator AND InputParams.Names=[]                                     643   e.g. Mach1_Drives net0
1.5 operator DIV InputParams.Names=['EN']                                   2   e.g. VirtualMasterControl net2
1.5 operator EQ InputParams.Names=['EN']                                    2   e.g. GeneralMachineFlags net2
1.5 operator EQ InputParams.Names=[]                                        5   e.g. call_FirstErrorCapture_FB net0
1.5 operator GE InputParams.Names=['EN']                                   13   e.g. Mach1_MIDS net52
1.5 operator GT InputParams.Names=['EN']                                   11   e.g. Mach1_Drives net27
1.5 operator LE InputParams.Names=['EN']                                    3   e.g. MainDrive net1
1.5 operator LT InputParams.Names=['EN']                                   10   e.g. Mach1_Drives net30
1.5 operator MOVE InputParams.Names=['EN']                                100   e.g. Mach1_Drives net4
1.5 operator MOVE InputParams.Names=[]                                      1   e.g. call_FirstErrorCapture_FB net1
1.5 operator MUL InputParams.Names=['EN']                                   5   e.g. Mach1_Drives net30
1.5 operator NE InputParams.Names=['EN']                                    1   e.g. SpeedCalculationDryer net0
1.5 operator NOT InputParams.Names=[]                                       3   e.g. Mach1_MIDS net42
1.5 operator OR InputParams.Names=[]                                      182   e.g. Mach1_Drives net0
1.5 operator SUB InputParams.Names=['EN']                                   5   e.g. SideCorrection net3
1.6 consumed box (parent Assign.RValue) enabled=False                     374   e.g. Mach1_Drives net0
1.6 consumed box (parent Assign.RValue) enabled=True                       18   e.g. Mach1_Drives net27
1.6 consumed box (parent Box.input) enabled=False                         556   e.g. Mach1_Drives net0
1.6 consumed box (parent Box.input) enabled=True                           66   e.g. Mach1_Drives net4
1.6 consumed box (parent Demux.Input) enabled=False                        65   e.g. Mach1_Drives net6
1.6 consumed box (parent Demux.Input) enabled=True                          2   e.g. Mach1_Drives net14
1.6 consumed box (parent Parallel.Input) enabled=False                      2   e.g. Mach1_Drives net6
1.6 consumed box (parent Parallel.Input) enabled=True                       2   e.g. TrayFiller net8
1.6 consumed box (parent Parallel.branch) enabled=False                    15   e.g. Mach1_Drives net6
1.6 consumed box (parent Parallel.branch) enabled=True                      8   e.g. MainDrive net1
1.6 top-level box with a wired output pin                                 107   e.g. Mach1_Drives net4
1.7 target flag Negation                                                  128   e.g. Mach1_Drives net1
1.7 target flag Return                                                      1   e.g. ATD_FQI net0
1.7 target flag Set                                                       246   e.g. Mach1_Drives net1
1.8 demux DEFINITION at depth 0                                           139   e.g. Mach1_Drives net1
1.8 demux reference (depth >0)                                            434   e.g. Mach1_Drives net1
7.1 InputFlags present, len=1                                              52   e.g. Mach1_Drives net7
7.1 InputFlags present, len=10                                              1   e.g. ATD_FQI net1
7.1 InputFlags present, len=12                                              2   e.g. Mach1_MIDS net52
7.1 InputFlags present, len=13                                              5   e.g. Mach1_MotionControl net3
7.1 InputFlags present, len=14                                              1   e.g. Mach1_MotionControl net7
7.1 InputFlags present, len=18                                              3   e.g. Mach1_MotionControl net1
7.1 InputFlags present, len=2                                             740   e.g. Mach1_Drives net0
7.1 InputFlags present, len=21                                              2   e.g. AHWF net2
7.1 InputFlags present, len=26                                              2   e.g. POU net0
7.1 InputFlags present, len=27                                              1   e.g. Mach1_MIDS net62
7.1 InputFlags present, len=28                                              1   e.g. Mach1_MIDS net1
7.1 InputFlags present, len=3                                             251   e.g. Mach1_Drives net0
7.1 InputFlags present, len=30                                              1   e.g. POU net1
7.1 InputFlags present, len=31                                              1   e.g. POU net4
7.1 InputFlags present, len=4                                              61   e.g. Mach1_Drives net6
7.1 InputFlags present, len=40                                              1   e.g. call_OEE_FB net0
7.1 InputFlags present, len=5                                             114   e.g. Mach1_Drives net4
7.1 InputFlags present, len=6                                              24   e.g. Mach1_Drives net7
7.1 InputFlags present, len=7                                               4   e.g. Mach1_MIDS net19
7.1 InputFlags present, len=8                                               8   e.g. Mach1_Drives net19
7.1 InputFlags present, len=9                                               7   e.g. Mach1_MIDS net8
7.1 PIN FLAG Negation on AND input 2 fed by BoxTreeOperand                  2   e.g. call_FirstErrorCapture_FB net2
7.1 PIN FLAG Negation on L_FECA.L_FirstErrCaptureErrorAccess input 0 fed by BoxTreeOperand      1   e.g. call_FirstErrorCapture_FB net8
7.1 pin Negation ALSO on operand=False item=False                           3   e.g. call_FirstErrorCapture_FB net2: fbFirstErrCapture.xIsWarningInfo
7.12 operand flag Negation (parent Assign.RValue)                           1   e.g. GeneralProgramFlags net1
7.12 operand flag Negation (parent Box.input)                             353   e.g. Mach1_Drives net0
7.12 operand flag Negation (parent Demux.Input)                             4   e.g. General net3
7.12 operand flag Negation (parent Parallel.branch)                         1   e.g. MainDrive net1
7.3 MainOutputIndex=0 (call)                                              267   e.g. Mach1_Drives net4
7.3 MainOutputIndex=0 (operator)                                          189   e.g. Mach1_Drives net4
7.3 MainOutputIndex=1 (call)                                                3   e.g. call_FirstErrorCapture_FB net2
7.3 MainOutputIndex=None (call)                                             9   e.g. General net2
7.3 MainOutputIndex=None (operator)                                       814   e.g. Mach1_Drives net0
7.3 output slots pattern                                                  823   e.g. Mach1_Drives net0
7.3 output slots pattern Rneeee                                             1   e.g. call_FirstErrorCapture_FB net4
7.3 output slots pattern eneeRe                                             1   e.g. call_FirstErrorCapture_FB net8
7.3 output slots pattern eneeee                                             1   e.g. call_FirstErrorCapture_FB net2
7.3 output slots pattern n                                                231   e.g. Mach1_Drives net4
7.3 output slots pattern nR                                               148   e.g. Mach1_Drives net4
7.3 output slots pattern nRR                                                6   e.g. Mach1_Drives net19
7.3 output slots pattern nRRR                                               1   e.g. SideCorrection net2
7.3 output slots pattern nRRRR                                              3   e.g. Mach1_MIDS net55
7.3 output slots pattern nReRR                                              1   e.g. Mach1_MIDS net65
7.3 output slots pattern nReeeeeee                                          1   e.g. Mach1_MIDS net62
7.3 output slots pattern ne                                                35   e.g. Mach1_Drives net6
7.3 output slots pattern neRR                                               1   e.g. Recipes net0
7.3 output slots pattern neRRRRe                                            1   e.g. Mach1_MIDS net52
7.3 output slots pattern neRReRRReReeeeR                                    1   e.g. Mach1_MIDS net1
7.3 output slots pattern neReR                                              2   e.g. Mach1_MIDS net66
7.3 output slots pattern neReRRRRR                                          1   e.g. AHWF net2
7.3 output slots pattern neRee                                              1   e.g. SpeedCalculationTrayfiller net1
7.3 output slots pattern nee                                                1   e.g. call_FirstErrorCapture_FB net6
7.3 output slots pattern neee                                               4   e.g. ATD_TorqueControl net1
7.3 output slots pattern neeeR                                              1   e.g. call_FirstErrorCapture_FB net3
7.3 output slots pattern neeeeReeReeeeee                                    1   e.g. ATD_FQI net1
7.3 output slots pattern neeeee                                             1   e.g. Mach1_MotionControl net9
7.3 output slots pattern neeeeeeeeeeeeeeeeeeeeeeeeeeeee                     1   e.g. POU net0
7.3 output slots pattern neeeeeeeeeeeeeeeeeeeeeeeeeeeeee                    1   e.g. POU net2
7.3 output slots pattern neeeeeeeeeeeeeeeeeeeeeeeeeeeeeeee                  1   e.g. POU net3
7.3 output slots pattern neeeeeeeeeeeeeeeeeeeeeeeeeeeeeeeeee                1   e.g. POU net4
7.3 output slots pattern neeeeeeeeeeeeeeeeeeeeeeeeeeeeeeeeeeeeeee           1   e.g. POU net1
7.3 output slots pattern nn                                                10   e.g. General net0
7.4 TITLE holds a newline                                                   7   e.g. Mach1_Drives net22
POU implementation NWLImplementationObject                                 40   e.g. Mach1_Drives
WIRE TYPE producer Box(ADD)                                                 1   e.g. SpeedCalculationDryer net1
WIRE TYPE producer Box(AND)                                                48   e.g. Mach1_Drives net6
WIRE TYPE producer Box(Alarms_V5_1_100)                                     6   e.g. Mach1_Drives net20
WIRE TYPE producer Box(Dryer)                                               1   e.g. Mach1_MIDS net52
WIRE TYPE producer Box(MOVE)                                                1   e.g. Mach1_Drives net14
WIRE TYPE producer Box(OR)                                                  5   e.g. Mach1_Drives net11
WIRE TYPE producer Box(R_TRIG)                                              3   e.g. Mach1_MIDS net33
WIRE TYPE producer Box(fc_CamC_CP_UDT)                                      1   e.g. SideCorrection net3
WIRE TYPE producer Box(fc_camc_cp_udt)                                      1   e.g. Mach1_MIDS net21
WIRE TYPE producer BoxTreeTerminator                                        4   e.g. GeneralProgramFlags net4
WIRE TYPE producer Operand(literal bool)                                   51   e.g. Mach1_Drives net4
WIRE TYPE producer Operand(variable)                                       17   e.g. Mach1_Drives net1
assign targets=1                                                          439   e.g. Mach1_Drives net0
assign targets=2                                                           20   e.g. Mach1_Drives net32
assign targets=20                                                           1   e.g. TrayFiller net0
assign targets=3                                                           10   e.g. MainDrive net1
assign targets=4                                                            4   e.g. WSM net0
assign targets=5                                                            5   e.g. WSM net2
comment line starting with //                                               7   e.g. call_OEE_FB net0
comment with an inner blank line                                            2   e.g. SpeedCalculationDryer net1
comment with leading indentation                                            1   e.g. SpeedCalculationDryer net1
comment with trailing whitespace                                            6   e.g. SpeedCalculationDryer net1
mixed storage multi-target assign                                          30   e.g. Mach1_Drives net32
network DISABLED                                                            3   e.g. MainDrive net4
network comment (lines=1)                                                   6   e.g. Mach1_Drives net2
network comment (lines=>1)                                                 11   e.g. Mach1_Drives net14
opaque operand text (not a token)                                         100   e.g. Mach1_Drives net14: %ID79
terminator without input (parent Assign.RValue)                             3   e.g. General net5
terminator without input (parent Box.input)                                43   e.g. Mach1_Drives net6
terminator without input (parent Demux.Input)                               4   e.g. GeneralProgramFlags net4

census of: Pro2193-94-95-96_COdesys.project
POUs with networks: 2   networks: 3

1.1 item flag Rtrig on BoxTreeOperand (depth >0)                            1   e.g. Counters net1
1.5 operator AND InputParams.Names=[]                                       4   e.g. SetAlarm net0
1.5 operator MOVE InputParams.Names=['EN']                                  1   e.g. Counters net1
1.5 operator OR InputParams.Names=[]                                        1   e.g. SetAlarm net0
1.6 consumed box (parent Assign.RValue) enabled=False                       1   e.g. SetAlarm net0
1.6 consumed box (parent Box.input) enabled=False                           4   e.g. SetAlarm net0
1.6 top-level box with a wired output pin                                   1   e.g. Counters net1
7.1 InputFlags present, len=1                                               1   e.g. Counters net0
7.1 InputFlags present, len=2                                               2   e.g. Counters net1
7.1 InputFlags present, len=3                                               4   e.g. SetAlarm net0
7.1 PIN FLAG Negation on AND input 1 fed by BoxTreeOperand                  2   e.g. SetAlarm net0
7.1 PIN FLAG Negation on AND input 2 fed by BoxTreeOperand                  1   e.g. SetAlarm net0
7.1 pin Negation ALSO on operand=False item=False                           3   e.g. SetAlarm net0: xOutInv
7.12 operand flag Rtrig (parent Box.input)                                  1   e.g. Counters net1
7.3 MainOutputIndex=0 (operator)                                            5   e.g. Counters net1
7.3 MainOutputIndex=None (call)                                             1   e.g. Counters net0
7.3 MainOutputIndex=None (operator)                                         1   e.g. SetAlarm net0
7.3 output slots pattern                                                    2   e.g. Counters net0
7.3 output slots pattern n                                                  4   e.g. SetAlarm net0
7.3 output slots pattern nR                                                 1   e.g. Counters net1
POU implementation NWLImplementationObject                                  2   e.g. Counters
assign targets=1                                                            1   e.g. SetAlarm net0
network comment (lines=1)                                                   2   e.g. Counters net0

census of: AWA_Palletizer 09_1.project
POUs with networks: 1   networks: 2

1.6 top-level box with a wired output pin                                   2   e.g. pgRecipeHandler net0
7.1 InputFlags present, len=2                                               2   e.g. pgRecipeHandler net0
7.3 MainOutputIndex=0 (call)                                                2   e.g. pgRecipeHandler net0
7.3 output slots pattern nRR                                                1   e.g. pgRecipeHandler net1
7.3 output slots pattern nRRRRR                                             1   e.g. pgRecipeHandler net0
POU implementation NWLImplementationObject                                  1   e.g. pgRecipeHandler
opaque operand text (not a token)                                           2   e.g. pgRecipeHandler net0: 'Recipes'

census of: Bakon Nano new VISU v00_90.project
POUs with networks: 1   networks: 10

1.11 execute box at top (depth 0, enabled=True)                             2   e.g. Recipes net0
1.6 consumed box (parent Assign.RValue) enabled=False                       4   e.g. Recipes net3
1.6 top-level box with a wired output pin                                   3   e.g. Recipes net1
7.1 InputFlags present, len=1                                               4   e.g. Recipes net0
7.1 InputFlags present, len=12                                              1   e.g. Recipes net1
7.1 InputFlags present, len=3                                               1   e.g. Recipes net4
7.1 InputFlags present, len=4                                               2   e.g. Recipes net5
7.1 InputFlags present, len=8                                               1   e.g. Recipes net9
7.3 MainOutputIndex=0 (call)                                                9   e.g. Recipes net0
7.3 output slots pattern n                                                  6   e.g. Recipes net0
7.3 output slots pattern neRR                                               2   e.g. Recipes net1
7.3 output slots pattern neeeRe                                             1   e.g. Recipes net2
POU implementation NWLImplementationObject                                  1   e.g. Recipes
assign targets=1                                                            4   e.g. Recipes net3
network comment (lines=1)                                                   1   e.g. Recipes net2
opaque operand text (not a token)                                           4   e.g. Recipes net1: 'Recipes'

census of: CodesysTestProject.project
POUs with networks: 0   networks: 0


