probe of: Lenze_MID-S100_V5_00_602_T51.project
wanted POUs: ['ATD_FQI', 'SpeedCalculationDryer']
opened (a copy; the original is never touched)

==============================================================================
POU SpeedCalculationDryer  (3 networks)
==============================================================================

-- NETWORK 0  title='NETWORK 1 : Speed control transport system dryer' label='' comment=''
  tree[0]: BoxTreeDemux  itemflags=none
    Input: BoxTreeOperand  itemflags=none
      Operand = 'True' type='BOOL' flags=none
  tree[1]: BoxTreeBox  itemflags=none  BoxType='MOVE'
    En  = True (Boolean)
    Eno = True (Boolean)
    EnEno=True  EnEnoPossible=True
    InputItemList count=2   InputParams.Names=['EN']
      in[0]: BoxTreeDemux  itemflags=none
      in[1]: BoxTreeOperand  itemflags=none
        Operand = '0' type='INT' flags=none
    out[0] = <null>
    out[1] = 'TempI' type='INT' flags=none
  tree[2]: BoxTreeBox  itemflags=none  BoxType='MUL'
    En  = True (Boolean)
    Eno = True (Boolean)
    EnEno=True  EnEnoPossible=True
    InputItemList count=3   InputParams.Names=['EN']
      in[0]: BoxTreeDemux  itemflags=none
      in[1]: BoxTreeOperand  itemflags=none
        Operand = 'Mach1_Data.AUTOSPEED' type='INT' flags=none
      in[2]: BoxTreeOperand  itemflags=none
        Operand = '10' type='INT' flags=none
    out[0] = <null>
    out[1] = 'MainDrive_AutoSpeed01rpm' type='INT' flags=none
  tree[3]: BoxTreeBox  itemflags=none  BoxType='MOVE'
    En  = True (Boolean)
    Eno = True (Boolean)
    EnEno=True  EnEnoPossible=True
    InputItemList count=2   InputParams.Names=['EN']
      in[0]: BoxTreeDemux  itemflags=none
      in[1]: BoxTreeOperand  itemflags=none
        Operand = 'MainDrive_AutoSpeed01rpm' type='INT' flags=none
    out[0] = <null>
    out[1] = 'Droger_Data.Cor_denumerator' type='INT' flags=none
  tree[4]: BoxTreeDemux  itemflags=none
    Input: BoxTreeBox  itemflags=none  BoxType='AND'
      En  = None (null)
      Eno = None (null)
      EnEno=True  EnEnoPossible=True
      InputItemList count=2   InputParams.Names=[]
        in[0]: BoxTreeDemux  itemflags=none
        in[1]: BoxTreeOperand  itemflags=none
          Operand = 'True' type='BOOL' flags=none
  tree[5]: BoxTreeBox  itemflags=none  BoxType='MOVE'
    En  = True (Boolean)
    Eno = True (Boolean)
    EnEno=True  EnEnoPossible=True
    InputItemList count=2   InputParams.Names=['EN']
      in[0]: BoxTreeBox  itemflags=none  BoxType='MOVE'
        En  = True (Boolean)
        Eno = True (Boolean)
        EnEno=True  EnEnoPossible=True
        InputItemList count=2   InputParams.Names=['EN']
          in[0]: BoxTreeBox  itemflags=none  BoxType='AND'
            En  = None (null)
            Eno = None (null)
            EnEno=True  EnEnoPossible=True
            InputItemList count=2   InputParams.Names=[]
              in[0]: BoxTreeBox  itemflags=none  BoxType='TON'
                En  = False (Boolean)
                Eno = False (Boolean)
                EnEno=True  EnEnoPossible=True
                InputItemList count=2   InputParams.Names=['IN', 'PT']
                  in[0]: BoxTreeBox  itemflags=none  BoxType='AND'
                    En  = None (null)
                    Eno = None (null)
                    EnEno=True  EnEnoPossible=True
                    InputItemList count=2   InputParams.Names=[]
                      in[0]: BoxTreeDemux  itemflags=none
                      in[1]: BoxTreeOperand  itemflags=Negation
                        Operand = 'Mach1.GenFlags.DriveIsRunning' type='BOOL' flags=Negation
                  in[1]: BoxTreeOperand  itemflags=none
                    Operand = 'T#500MS' type='TIME' flags=none
                out[0] = <null>
                out[1] = '' type='TIME' flags=none
              in[1]: BoxTreeOperand  itemflags=Negation
                Operand = 'Mach1_Alarms.Alm049' type='BOOL' flags=Negation
          in[1]: BoxTreeOperand  itemflags=none
            Operand = 'MainDrive_AutoSpeed01rpm' type='INT' flags=none
        out[0] = <null>
        out[1] = 'Mach_ActSpeed_Rpm01' type='INT' flags=none
      in[1]: BoxTreeOperand  itemflags=none
        Operand = 'MainDrive_AutoSpeed01rpm' type='INT' flags=none
    out[0] = <null>
    out[1] = 'Droger_Data.Cor_numerator' type='INT' flags=none
  tree[6]: BoxTreeBox  itemflags=none  BoxType='MOVE'
    En  = True (Boolean)
    Eno = True (Boolean)
    EnEno=True  EnEnoPossible=True
    InputItemList count=2   InputParams.Names=['EN']
      in[0]: BoxTreeBox  itemflags=none  BoxType='AND'
        En  = None (null)
        Eno = None (null)
        EnEno=True  EnEnoPossible=True
        InputItemList count=2   InputParams.Names=[]
          in[0]: BoxTreeDemux  itemflags=none
          in[1]: BoxTreeBox  itemflags=none  BoxType='OR'
            En  = None (null)
            Eno = None (null)
            EnEno=True  EnEnoPossible=True
            InputItemList count=2   InputParams.Names=[]
              in[0]: BoxTreeOperand  itemflags=none
                Operand = 'Mach1.GenFlags.DriveIsRunning' type='BOOL' flags=none
              in[1]: BoxTreeOperand  itemflags=Negation
                Operand = 'Mach1_AuxData.IEC_TIMERS.TON_DelayIdling.Q' type='BOOL' flags=Negation
      in[1]: BoxTreeOperand  itemflags=none
        Operand = 'HMI_Var.Mach1.ActualSpeed*10' type='INT' flags=none
    out[0] = <null>
    out[1] = 'Mach_ActSpeed_Rpm01' type='INT' flags=none
  tree[7]: BoxTreeDemux  itemflags=none
    Input: BoxTreeBox  itemflags=none  BoxType='AND'
      En  = None (null)
      Eno = None (null)
      EnEno=True  EnEnoPossible=True
      InputItemList count=2   InputParams.Names=[]
        in[0]: BoxTreeDemux  itemflags=none
        in[1]: BoxTreeOperand  itemflags=none
          Operand = 'True' type='BOOL' flags=none
  tree[8]: BoxTreeDemux  itemflags=none
    Input: BoxTreeBox  itemflags=none  BoxType='AND'
      En  = None (null)
      Eno = None (null)
      EnEno=True  EnEnoPossible=True
      InputItemList count=2   InputParams.Names=[]
        in[0]: BoxTreeDemux  itemflags=none
        in[1]: BoxTreeOperand  itemflags=none
          Operand = 'Trayfiller_Data.commInterface.HoldFeedFwd' type='BOOL' flags=none
  tree[9]: BoxTreeBox  itemflags=none  BoxType='MOVE'
    En  = True (Boolean)
    Eno = True (Boolean)
    EnEno=True  EnEnoPossible=True
    InputItemList count=2   InputParams.Names=['EN']
      in[0]: BoxTreeAssign  itemflags=none
        RValue: BoxTreeBox  itemflags=none  BoxType='AND'
          En  = None (null)
          Eno = None (null)
          EnEno=True  EnEnoPossible=True
          InputItemList count=2   InputParams.Names=[]
            in[0]: BoxTreeDemux  itemflags=none
            in[1]: BoxTreeBox  itemflags=none  BoxType='OR'
              En  = None (null)
              Eno = None (null)
              EnEno=True  EnEnoPossible=True
              InputItemList count=2   InputParams.Names=[]
                in[0]: BoxTreeOperand  itemflags=none
                  Operand = 'LST_InputsOutputs.I133_1_PROX_zero_position_transport_ADS' type='BOOL' flags=none
                in[1]: BoxTreeOperand  itemflags=none
                  Operand = 'Mach1_AuxData.ADS_StopOnZeroPulse' type='BOOL' flags=none
        out[0] = 'Mach1_AuxData.ADS_StopOnZeroPulse' type='BOOL' flags=none
      in[1]: BoxTreeOperand  itemflags=none
        Operand = '750' type='INT' flags=none
    out[0] = <null>
    out[1] = 'Droger_Data.Cor_numerator' type='INT' flags=none
  tree[10]: BoxTreeBox  itemflags=none  BoxType='MOVE'
    En  = True (Boolean)
    Eno = True (Boolean)
    EnEno=True  EnEnoPossible=True
    InputItemList count=2   InputParams.Names=['EN']
      in[0]: BoxTreeBox  itemflags=none  BoxType='F_TRIG'
        En  = False (Boolean)
        Eno = False (Boolean)
        EnEno=True  EnEnoPossible=True
        InputItemList count=1   InputParams.Names=['CLK']
          in[0]: BoxTreeBox  itemflags=none  BoxType='AND'
            En  = None (null)
            Eno = None (null)
            EnEno=True  EnEnoPossible=True
            InputItemList count=2   InputParams.Names=[]
              in[0]: BoxTreeDemux  itemflags=none
              in[1]: BoxTreeOperand  itemflags=none
                Operand = 'Trayfiller_Data.commInterface.Permission' type='BOOL' flags=none
        out[0] = <null>
      in[1]: BoxTreeOperand  itemflags=none
        Operand = '5' type='INT' flags=none
    out[0] = <null>
    out[1] = 'Mach1_AuxData.CounterHighSpeedATF_ADS' type='INT' flags=none
  tree[11]: BoxTreeBox  itemflags=none  BoxType='MUL'
    En  = True (Boolean)
    Eno = True (Boolean)
    EnEno=True  EnEnoPossible=True
    InputItemList count=3   InputParams.Names=['EN']
      in[0]: BoxTreeBox  itemflags=none  BoxType='NE'
        En  = True (Boolean)
        Eno = False (Boolean)
        EnEno=True  EnEnoPossible=True
        InputItemList count=3   InputParams.Names=['EN']
          in[0]: BoxTreeBox  itemflags=none  BoxType='AND'
            En  = None (null)
            Eno = None (null)
            EnEno=True  EnEnoPossible=True
            InputItemList count=2   InputParams.Names=[]
              in[0]: BoxTreeDemux  itemflags=none
              in[1]: BoxTreeOperand  itemflags=none
                Operand = 'Trayfiller_Data.commInterface.Permission' type='BOOL' flags=none
          in[1]: BoxTreeOperand  itemflags=none
            Operand = 'Mach1_AuxData.CounterHighSpeedATF_ADS' type='INT' flags=none
          in[2]: BoxTreeOperand  itemflags=none
            Operand = '0' type='INT' flags=none
        out[0] = <null>
      in[1]: BoxTreeOperand  itemflags=none
        Operand = 'Mach1_Data.AUTOSPEED' type='INT' flags=none
      in[2]: BoxTreeOperand  itemflags=none
        Operand = '13' type='INT' flags=none
    out[0] = <null>
    out[1] = 'Droger_Data.Cor_numerator' type='INT' flags=none
  tree[12]: BoxTreeBox  itemflags=none  BoxType='EXECUTE'
    En  = True (Boolean)
    Eno = True (Boolean)
    EnEno=True  EnEnoPossible=True
    InputItemList count=1   InputParams.Names=['EN']
      in[0]: BoxTreeDemux  itemflags=none
    out[0] = <null>

-- NETWORK 1  title='NETWORK 2: Deviation calculation of sync point, transport system trayfiller' label='' comment="Principle: It's better to accelerate the drive then to decelerate, because otherwise cigars could be missed. \r\nSo that is why the deceleration should be kept short, by trial and error the optimum point is 60degrees (difference between setpoint and actual point).\r\ndev: [0-60]: dec.\r\ndev: ]60-360]: acc.\r\n\r\nNumerator = (Act_syncpos -/- Gew_syncpos) + Cte\r\nCte=little bit slower then the value for the set speed. (If the mid-s rotates 100rpm (value=1000), then this value should be a little less (e.g 99,8rpm).\r\n        This way, the system lags a little bit, and therefor needs to accelerate (which is beter). If the system leads, then it needs to decel. (which is not ideal)\r\n\r\nUit metingen is gebleken dat de optimale synchronisatiepositie op 60 graden \r\nligt.\r\n\r\ncorrectie  -60     0     60     120    180    240    300\r\n            |------|------|------|------|------|------|--\r\nencoder     0     60     120    180    240    300    360\r\n\r\nOm de ingestelde synchronisatiepositie te verschuiven naar het optimale window \r\nvan -60..300 wordt de correctiefactor gecorrigeerd:\r\n - indien correctie < -60 dan 360 erbij optellen\r\n - indien correctie > 300 dan 360 eraf tellen"
  tree[0]: BoxTreeDemux  itemflags=none
    Input: BoxTreeBox  itemflags=none  BoxType='ADD'
      En  = True (Boolean)
      Eno = True (Boolean)
      EnEno=True  EnEnoPossible=True
      InputItemList count=3   InputParams.Names=['EN']
        in[0]: BoxTreeBox  itemflags=none  BoxType='SUB'
          En  = True (Boolean)
          Eno = True (Boolean)
          EnEno=True  EnEnoPossible=True
          InputItemList count=3   InputParams.Names=['EN']
            in[0]: BoxTreeBox  itemflags=none  BoxType='SUB'
              En  = True (Boolean)
              Eno = True (Boolean)
              EnEno=True  EnEnoPossible=True
              InputItemList count=3   InputParams.Names=['EN']
                in[0]: BoxTreeOperand  itemflags=none
                  Operand = 'Mach1.GenFlags.DriveIsRunning' type='BOOL' flags=none
                in[1]: BoxTreeOperand  itemflags=none
                  Operand = 'Droger_Data.Act_sync_pos' type='INT' flags=none
                in[2]: BoxTreeOperand  itemflags=none
                  Operand = 'Droger_Data.set_sync_pos' type='INT' flags=none
              out[0] = <null>
              out[1] = 'devAngle' type='INT' flags=none
            in[1]: BoxTreeOperand  itemflags=none
              Operand = 'MainDrive_AutoSpeed01rpm' type='INT' flags=none
            in[2]: BoxTreeOperand  itemflags=none
              Operand = '2' type='INT' flags=none
          out[0] = <null>
          out[1] = 'cor_Const' type='INT' flags=none
        in[1]: BoxTreeOperand  itemflags=none
          Operand = 'devAngle' type='INT' flags=none
        in[2]: BoxTreeOperand  itemflags=none
          Operand = 'cor_Const' type='INT' flags=none
      out[0] = <null>
      out[1] = 'Droger_Data.Cor_numerator' type='INT' flags=none
  tree[1]: BoxTreeBox  itemflags=none  BoxType='ADD'
    En  = True (Boolean)
    Eno = True (Boolean)
    EnEno=True  EnEnoPossible=True
    InputItemList count=3   InputParams.Names=['EN']
      in[0]: BoxTreeBox  itemflags=none  BoxType='LT'
        En  = True (Boolean)
        Eno = False (Boolean)
        EnEno=True  EnEnoPossible=True
        InputItemList count=3   InputParams.Names=['EN']
          in[0]: BoxTreeDemux  itemflags=none
          in[1]: BoxTreeOperand  itemflags=none
            Operand = 'devAngle' type='INT' flags=none
          in[2]: BoxTreeOperand  itemflags=none
            Operand = '-60' type='INT' flags=none
        out[0] = <null>
      in[1]: BoxTreeOperand  itemflags=none
        Operand = 'Droger_Data.Cor_numerator' type='INT' flags=none
      in[2]: BoxTreeOperand  itemflags=none
        Operand = '360' type='INT' flags=none
    out[0] = <null>
    out[1] = 'Droger_Data.Cor_numerator' type='INT' flags=none
  tree[2]: BoxTreeBox  itemflags=none  BoxType='SUB'
    En  = True (Boolean)
    Eno = True (Boolean)
    EnEno=True  EnEnoPossible=True
    InputItemList count=3   InputParams.Names=['EN']
      in[0]: BoxTreeBox  itemflags=none  BoxType='GT'
        En  = True (Boolean)
        Eno = False (Boolean)
        EnEno=True  EnEnoPossible=True
        InputItemList count=3   InputParams.Names=['EN']
          in[0]: BoxTreeDemux  itemflags=none
          in[1]: BoxTreeOperand  itemflags=none
            Operand = 'devAngle' type='INT' flags=none
          in[2]: BoxTreeOperand  itemflags=none
            Operand = '300' type='INT' flags=none
        out[0] = <null>
      in[1]: BoxTreeOperand  itemflags=none
        Operand = 'Droger_Data.Cor_numerator' type='INT' flags=none
      in[2]: BoxTreeOperand  itemflags=none
        Operand = '360' type='INT' flags=none
    out[0] = <null>
    out[1] = 'Droger_Data.Cor_numerator' type='INT' flags=none

-- NETWORK 2  title='' label='' comment=''
  tree[0]: BoxTreeDemux  itemflags=none
    Input: BoxTreeBox  itemflags=none  BoxType='R_TRIG'
      En  = False (Boolean)
      Eno = False (Boolean)
      EnEno=True  EnEnoPossible=True
      InputItemList count=1   InputParams.Names=['CLK']
        in[0]: BoxTreeOperand  itemflags=none
          Operand = 'LST_InputsOutputs.I133_1_PROX_zero_position_transport_ADS' type='BOOL' flags=none
      out[0] = <null>
  tree[1]: BoxTreeBox  itemflags=none  BoxType='MOVE'
    En  = True (Boolean)
    Eno = True (Boolean)
    EnEno=True  EnEnoPossible=True
    InputItemList count=2   InputParams.Names=['EN']
      in[0]: BoxTreeDemux  itemflags=none
      in[1]: BoxTreeOperand  itemflags=none
        Operand = 'HMI_Var.Mach1.Position' type='INT' flags=none
    out[0] = <null>
    out[1] = 'Droger_Data.Act_sync_pos' type='INT' flags=none
  tree[2]: BoxTreeBox  itemflags=none  BoxType='MOVE'
    En  = True (Boolean)
    Eno = True (Boolean)
    EnEno=True  EnEnoPossible=True
    InputItemList count=2   InputParams.Names=['EN']
      in[0]: BoxTreeDemux  itemflags=none
      in[1]: BoxTreeOperand  itemflags=none
        Operand = 'Mach1_Data.CamControls.FeedforwardDryer_CP.Start' type='INT' flags=none
    out[0] = <null>
    out[1] = 'Droger_Data.set_sync_pos' type='INT' flags=none
  tree[3]: BoxTreeBox  itemflags=none  BoxType='SUB'
    En  = True (Boolean)
    Eno = True (Boolean)
    EnEno=True  EnEnoPossible=True
    InputItemList count=3   InputParams.Names=['EN']
      in[0]: BoxTreeBox  itemflags=none  BoxType='GT'
        En  = True (Boolean)
        Eno = False (Boolean)
        EnEno=True  EnEnoPossible=True
        InputItemList count=3   InputParams.Names=['EN']
          in[0]: BoxTreeDemux  itemflags=none
          in[1]: BoxTreeOperand  itemflags=none
            Operand = 'Mach1_AuxData.CounterHighSpeedATF_ADS' type='INT' flags=none
          in[2]: BoxTreeOperand  itemflags=none
            Operand = '0' type='INT' flags=none
        out[0] = <null>
      in[1]: BoxTreeOperand  itemflags=none
        Operand = 'Mach1_AuxData.CounterHighSpeedATF_ADS' type='INT' flags=none
      in[2]: BoxTreeOperand  itemflags=none
        Operand = '1' type='INT' flags=none
    out[0] = <null>
    out[1] = 'Mach1_AuxData.CounterHighSpeedATF_ADS' type='INT' flags=none

==============================================================================
POU ATD_FQI  (2 networks)
==============================================================================

-- NETWORK 0  title='Return when virtual axis' label='' comment=''
  tree[0]: BoxTreeAssign  itemflags=none
    RValue: BoxTreeOperand  itemflags=none
      Operand = 'ioAxis.xVirtual' type='BOOL' flags=none
    out[0] = '???' type='BOOL' flags=Return

-- NETWORK 1  title='' label='' comment=''
  tree[0]: BoxTreeBox  itemflags=none  BoxType='L_MC1P_BasicActuatingSpeed'
    En  = False (Boolean)
    Eno = False (Boolean)
    EnEno=True  EnEnoPossible=True
    InputItemList count=10   InputParams.Names=['Axis', 'xEnableInternalControl', 'xRegulatorOn', 'xResetError', 'xSetDriveQsp', 'xEnableSetVel', 'xInvertDirection', 'lrSetVel', 'lrSetAcc', 'lrSetDec']
      in[0]: BoxTreeOperand  itemflags=none
        Operand = 'ioAxis' type='AXIS_REF' flags=none
      in[1]: BoxTreeOperand  itemflags=none
        Operand = 'TRUE' type='BOOL' flags=none
      in[2]: BoxTreeBox  itemflags=none  BoxType='TOF'
        En  = False (Boolean)
        Eno = False (Boolean)
        EnEno=True  EnEnoPossible=True
        InputItemList count=2   InputParams.Names=['IN', 'PT']
          in[0]: BoxTreeOperand  itemflags=none
            Operand = 'DataIO.Controlword.Bit4_RunForward' type='BOOL' flags=none
          in[1]: BoxTreeOperand  itemflags=none
            Operand = 'T#1S' type='TIME' flags=none
        out[0] = <null>
      in[3]: BoxTreeOperand  itemflags=none
        Operand = 'DataIO.Controlword.Bit7_ResetFault' type='BOOL' flags=none
      in[4]: BoxTreeOperand  itemflags=none
        Operand = 'DataIO.Controlword.Bit2_QuickStop' type='BOOL' flags=none
      in[5]: BoxTreeOperand  itemflags=none
        Operand = 'DataIO.Controlword.Bit4_RunForward' type='BOOL' flags=none
      in[6]: BoxTreeOperand  itemflags=none
        Operand = 'DataIO.Controlword.Bit12_ReverseDirection' type='BOOL' flags=none
      in[7]: BoxTreeOperand  itemflags=none
        Operand = 'DataIO.RefSpeed' type='WORD' flags=none
      in[8]: BoxTreeOperand  itemflags=none
        Operand = 'lrAcc' type='LREAL' flags=none
      in[9]: BoxTreeOperand  itemflags=none
        Operand = 'lrDec' type='LREAL' flags=none
    out[0] = <null>
    out[1] = '' type='' flags=none
    out[2] = '' type='' flags=none
    out[3] = '' type='' flags=none
    out[4] = '' type='' flags=none
    out[5] = 'DataIO.Status.Bit0_ReadyForOperation' type='BOOL' flags=none
    out[6] = '' type='' flags=none
    out[7] = '' type='' flags=none
    out[8] = 'DataIO.Status.Bit3_Fault' type='BOOL' flags=none
    out[9] = '' type='' flags=none
    out[10] = '' type='' flags=none
    out[11] = '' type='' flags=none
    out[12] = '' type='' flags=none
    out[13] = '' type='' flags=none
    out[14] = '' type='' flags=none

done
