control: a jump to a label
   held: (1 item) | LABEL 'Done' (1 item)
   build: CLEAN
jump spelled in another case
   held: (1 item) | LABEL 'Done' (1 item)
   build: CLEAN
one label on two networks, same case
   held: LABEL 'Done' (1 item) | LABEL 'Done' (1 item) | (1 item)
   build: 
      [Error] The label 'DONE' is a duplicate
one label on two networks, other case
   held: LABEL 'Done' (1 item) | LABEL 'DONE' (1 item) | (1 item)
   build: 
      [Error] The label 'DONE' is a duplicate
duplicate label, no jump
   held: LABEL 'Done' (1 item) | LABEL 'DONE' (1 item)
   build: 
      [Error] The label 'DONE' is a duplicate
      [Warning] The label 'DONE' has not been referenced
a LABEL on a DISABLED network as target
   held: (1 item) | [DISABLED] LABEL 'Done' (1 item)
   build: 
      [Error] No such label 'DONE' within the scope of the JMP statement
a JMP inside a DISABLED network
   held: [DISABLED] (1 item) | LABEL 'Done' (1 item)
   build: 
      [Warning] The label 'DONE' has not been referenced
a JMP to a label no network carries
   held: (1 item) | (1 item)
   build: 
      [Error] No such label 'NOWHERE' within the scope of the JMP statement
a label nothing jumps to
   held: (1 item) | LABEL 'Done' (1 item)
   build: 
      [Warning] The label 'DONE' has not been referenced
done
