VltEno_Control: control: an undeclared operand (must NOT build clean)
   built:       OutputParams.Names=[] Types=[] MainOutputIndex=None En=None Eno=None EnEno=True Outputs=[] OutputPins=0..2147483647
   committed:   OutputParams.Names=[] Types=[] MainOutputIndex=None En=None Eno=None EnEno=True Outputs=[] OutputPins=1..1
   build:       
      [Error] Cannot convert type 'Unknown type: '(a > zz)'' to type 'BOOL'
      [Error] Unknown type: 'zz'
      [Error] Identifier 'zz' not defined
   after build: OutputParams.Names=[] Types=[] MainOutputIndex=None En=None Eno=None EnEno=True Outputs=[] OutputPins=1..1
VltEno_GtNoEcho: out := GT(EN := c, a, b)   - enabled GT, no ENO echo (the 40 drawn comparisons)
   built:       OutputParams.Names=[] Types=[] MainOutputIndex=None En=True Eno=True EnEno=True Outputs=[] OutputPins=0..2147483647
   committed:   OutputParams.Names=[] Types=[] MainOutputIndex=None En=True Eno=True EnEno=True Outputs=[] OutputPins=1..1
   build:       
      [Error] Identifier '__VltEno_GtNoEcho__ImpVar19' not defined
      [Error] '__VltEno_GtNoEcho__ImpVar19' is no valid assignment target
   after build: OutputParams.Names=[] Types=[] MainOutputIndex=None En=True Eno=True EnEno=True Outputs=[] OutputPins=1..1
VltEno_GtEcho: out := GT(EN := c, a, b).ENO - enabled GT WITH the ENO echo
   built:       OutputParams.Names=['ENO'] Types=[''] MainOutputIndex=None En=True Eno=True EnEno=True Outputs=[''] OutputPins=0..2147483647
   committed:   OutputParams.Names=['ENO'] Types=[''] MainOutputIndex=None En=True Eno=True EnEno=True Outputs=[''] OutputPins=1..1
   build:       
      [Error] Identifier '__VltEno_GtEcho__ImpVar19' not defined
      [Error] '__VltEno_GtEcho__ImpVar19' is no valid assignment target
   after build: OutputParams.Names=['ENO'] Types=[''] MainOutputIndex=None En=True Eno=True EnEno=True Outputs=[''] OutputPins=1..1
VltEno_MoveNoEcho: lamp := MOVE(EN := c, 0, => sv) - enabled MOVE, no ENO echo, sv on slot 1
   built:       OutputParams.Names=[] Types=[] MainOutputIndex=None En=True Eno=True EnEno=True Outputs=['', 'sv'] OutputPins=0..2147483647
   committed:   OutputParams.Names=[] Types=[] MainOutputIndex=None En=True Eno=True EnEno=True Outputs=['', 'sv'] OutputPins=1..1
   build:       CLEAN
   after build: OutputParams.Names=[] Types=[] MainOutputIndex=None En=True Eno=True EnEno=True Outputs=['', 'sv'] OutputPins=1..1
VltEno_MoveEcho: lamp := MOVE(EN := c, 0, => sv).ENO - enabled MOVE WITH the ENO echo
   built:       OutputParams.Names=['ENO', ''] Types=['', ''] MainOutputIndex=None En=True Eno=True EnEno=True Outputs=['', 'sv'] OutputPins=0..2147483647
   committed:   OutputParams.Names=['ENO', ''] Types=['', ''] MainOutputIndex=None En=True Eno=True EnEno=True Outputs=['', 'sv'] OutputPins=1..1
   build:       CLEAN
   after build: OutputParams.Names=['ENO', ''] Types=['', ''] MainOutputIndex=None En=True Eno=True EnEno=True Outputs=['', 'sv'] OutputPins=1..1
VltEno_AddEcho: n := ADD(a, b).ENO - ADD without EN, WITH an ENO echo, consumed
   built:       OutputParams.Names=['ENO'] Types=[''] MainOutputIndex=None En=None Eno=None EnEno=True Outputs=[''] OutputPins=0..2147483647
   committed:   OutputParams.Names=['ENO'] Types=[''] MainOutputIndex=None En=None Eno=None EnEno=True Outputs=[''] OutputPins=1..1
   build:       
      [Error] An inconsistent element has been detected (Missing EN pin). Consider making a correction.
   after build: OutputParams.Names=['ENO'] Types=[''] MainOutputIndex=None En=None Eno=None EnEno=True Outputs=[''] OutputPins=1..1
VltEno_TopMove: MOVE(EN := c, 0, => sv); - top level, ENO echo, sv on slot 1
   built:       OutputParams.Names=['ENO', ''] Types=['', ''] MainOutputIndex=None En=True Eno=True EnEno=True Outputs=['', 'sv'] OutputPins=0..2147483647
   committed:   OutputParams.Names=['ENO', ''] Types=['', ''] MainOutputIndex=None En=True Eno=True EnEno=True Outputs=['', 'sv'] OutputPins=1..1
   build:       CLEAN
   after build: OutputParams.Names=['ENO', ''] Types=['', ''] MainOutputIndex=None En=True Eno=True EnEno=True Outputs=['', 'sv'] OutputPins=1..1
VltEno_TopGt: GT(EN := c, a, b, => out); - top level, ENO echo, out on slot 1
   built:       OutputParams.Names=['ENO', ''] Types=['', ''] MainOutputIndex=None En=True Eno=True EnEno=True Outputs=['', 'out'] OutputPins=0..2147483647
   committed:   OutputParams.Names=['ENO', ''] Types=['', ''] MainOutputIndex=None En=True Eno=True EnEno=True Outputs=['', 'out'] OutputPins=1..1
   build:       CLEAN
   after build: OutputParams.Names=['ENO', ''] Types=['', ''] MainOutputIndex=None En=True Eno=True EnEno=True Outputs=['', 'out'] OutputPins=1..1
VltEno_TopGtNoEcho: GT(EN := c, a, b, => out); - top level, NO ENO echo, out on slot 0
   built:       OutputParams.Names=[] Types=[] MainOutputIndex=None En=True Eno=True EnEno=True Outputs=['out'] OutputPins=0..2147483647
   committed:   OutputParams.Names=[] Types=[] MainOutputIndex=None En=True Eno=True EnEno=True Outputs=['out'] OutputPins=1..1
   build:       CLEAN
   after build: OutputParams.Names=[] Types=[] MainOutputIndex=None En=True Eno=True EnEno=True Outputs=['out'] OutputPins=1..1
VltEno_GtTyped: out := GT(EN := c, a, b) - enabled GT, OutputParams [''] typed BOOL (the drawn shape)
   built:       OutputParams.Names=[''] Types=['BOOL'] MainOutputIndex=None En=True Eno=True EnEno=True Outputs=[''] OutputPins=0..2147483647
   committed:   OutputParams.Names=[''] Types=['BOOL'] MainOutputIndex=None En=True Eno=True EnEno=True Outputs=[''] OutputPins=1..1
   build:       
      [Error] Identifier '__VltEno_GtTyped__ImpVar19' not defined
      [Error] '__VltEno_GtTyped__ImpVar19' is no valid assignment target
   after build: OutputParams.Names=[''] Types=['BOOL'] MainOutputIndex=None En=True Eno=True EnEno=True Outputs=[''] OutputPins=1..1
VltEno_GtUntyped: out := GT(EN := c, a, b) - enabled GT, OutputParams [''] untyped
   built:       OutputParams.Names=[''] Types=[''] MainOutputIndex=None En=True Eno=True EnEno=True Outputs=[''] OutputPins=0..2147483647
   committed:   OutputParams.Names=[''] Types=[''] MainOutputIndex=None En=True Eno=True EnEno=True Outputs=[''] OutputPins=1..1
   build:       
      [Error] Identifier '__VltEno_GtUntyped__ImpVar19' not defined
      [Error] '__VltEno_GtUntyped__ImpVar19' is no valid assignment target
   after build: OutputParams.Names=[''] Types=[''] MainOutputIndex=None En=True Eno=True EnEno=True Outputs=[''] OutputPins=1..1
VltEno_GtEchoTyped: out := GT(EN := c, a, b).ENO - enabled GT, OutputParams ['ENO', ''] typed BOOL
   built:       OutputParams.Names=['ENO', ''] Types=['BOOL', 'BOOL'] MainOutputIndex=None En=True Eno=True EnEno=True Outputs=['', ''] OutputPins=0..2147483647
   committed:   OutputParams.Names=['ENO', ''] Types=['BOOL', 'BOOL'] MainOutputIndex=None En=True Eno=True EnEno=True Outputs=['', ''] OutputPins=1..1
   build:       
      [Error] The assignment target is not specified.
   after build: OutputParams.Names=['ENO', ''] Types=['BOOL', 'BOOL'] MainOutputIndex=None En=True Eno=True EnEno=True Outputs=['', ''] OutputPins=1..1
VltEno_MoveTypedNoEno: lamp := MOVE(EN := c, 0, => sv) - OutputParams ['', ''] typed INT, no ENO name
   built:       OutputParams.Names=['', ''] Types=['INT', 'INT'] MainOutputIndex=None En=True Eno=True EnEno=True Outputs=['', 'sv'] OutputPins=0..2147483647
   committed:   OutputParams.Names=['', ''] Types=['INT', 'INT'] MainOutputIndex=None En=True Eno=True EnEno=True Outputs=['', 'sv'] OutputPins=1..1
   build:       CLEAN
   after build: OutputParams.Names=['', ''] Types=['INT', 'INT'] MainOutputIndex=None En=True Eno=True EnEno=True Outputs=['', 'sv'] OutputPins=1..1

=== run: what each clean case's consumer holds after one cycle (GT/MOVE data = FALSE/0, ENO = TRUE) ===
   build of all kept: CLEAN
   VltEno_MoveNoEcho    out=FALSE  lamp=TRUE  sv=INT#0  n=INT#0
   VltEno_MoveEcho      out=FALSE  lamp=TRUE  sv=INT#0  n=INT#0
   VltEno_TopMove       out=FALSE  lamp=FALSE  sv=INT#0  n=INT#0
   VltEno_TopGt         out=FALSE  lamp=FALSE  sv=INT#0  n=INT#0
   VltEno_TopGtNoEcho   out=FALSE  lamp=FALSE  sv=INT#0  n=INT#0
   VltEno_MoveTypedNoEno out=FALSE  lamp=TRUE  sv=INT#0  n=INT#0

=== a BoxTreeBox's surface (is there a door that resolves the pins from the type?) ===
      type: _3S.CoDeSys.NWLObject.BoxTreeBox
        BoxType                      'GT'
        Instance                     <_3S.CoDeSys.NWLObject.Operand object at 0x0000000000000087>   (read-only)
        OutputParams                 <_3S.CoDeSys.NWLObject.ParamList object at 0x0000000000000088 [_3S.CoDeSys.NWLObject.Param   (read-only)
        MainOutputIndex              None   (read-only)
        En                           None
        Eno                          None
        EnEno                        True
        Outputs                      <_3S.CoDeSys.NWLObject.OutputItemList object at 0x0000000000000089 [_3S.CoDeSys.NWLObject.   (read-only)
        MinOutputPinCount            1   (read-only)
        MaxOutputPinCount            1   (read-only)
        CallType                     _3S.CoDeSys.Core.LanguageModel.Operator.Gt
        InputItemList                Array[IBoxTree]((<_3S.CoDeSys.NWLObject.BoxTreeOperand object at 0x000000000000008A [?a]>,   (read-only)
        InputParams                  <_3S.CoDeSys.NWLObject.ParamList object at 0x000000000000008C [_3S.CoDeSys.NWLObject.Param   (read-only)
        Flags                        <_3S.CoDeSys.NWLObject.Flags object at 0x000000000000008D>   (read-only)
        MinInputPinCount             2   (read-only)
        MaxInputPinCount             2   (read-only)
        EnEnoPossible                True   (read-only)
        Image                        None
        Ordinary                     False
        InputFlags                   Array[Flags]((<_3S.CoDeSys.NWLObject.Flags object at 0x000000000000008E>, <_3S.CoDeSys.NWL   (read-only)
        STSnippet                    None
        ProvidesSTSnippet            False   (read-only)
        MainInputIndex               0   (read-only)
        ContainsExtensibleInputs     False
        _3S.CoDeSys.NWLObject.IBoxTreeBox8.ProvidesSTSnippet False
        Id                           19L
        Added                        False
        Deleted                      False
        Changed                      False
        Accepted                     False
        DeletedAfter                 False
        DeletedBefore                False
        Inserted                     False
        ChangedContents              False
        Safe                         False
        SerializableValueNames       Array[str](('BoxType', 'Instance', 'OutputItems', 'Flags', 'InputFlags', 'InputItems', 'In   (read-only)
        GenericObjectService         <_3S.CoDeSys.ObjectManager.GenericObjectService object at 0x0000000000000090 [_3S.CoDeSys.   (read-only)
        methods: AfterClone, AfterDeserialize, AppendInputItem, BeforeSerialize, ClearID, Clone, CompareTo, CreateSerializableValue, Equals, Finalize, GetGenericCollectionSerializationMode, GetHashCode, GetLanguageModelSnippet, GetSerializableValue, GetSerializableValueNames, GetType, InsertInputItem, IsOperand, IsSerializableForVersion, MemberwiseClone, RemoveInputItem, ReplaceInput, SetInputFlag, SetInputTree, S
        GetSerializableValue(String stValueName) -> Object
        SetSerializableValue(String stValueName, Object value) -> Void
        BeforeSerialize() -> Void
        AfterDeserialize() -> Void
        Clone() -> Object
        CompareTo(Object obj) -> Int32
        IsSerializableForVersion(IArchiveVersionInfo info) -> Boolean
        CreateSerializableValue(String valueName, Byte[] nesting, IArchiveReporter reporter) -> Object
        GetGenericCollectionSerializationMode(String valueName, IArchiveVersionInfo info, Boolean forceLegacy, IArchiveReporter reporter) -> Nullable`1
        BeforeSerialize(IArchiveVersionInfo info) -> Void
        SetSerializableValue(String stValueName, Object value, IArchiveReporter reporter) -> Void
        GetSerializableValueNames(IArchiveVersionInfo info, IArchiveReporter reporter) -> String[]
        GetSerializableValue(String stValueName, IArchiveVersionInfo info, IArchiveReporter reporter) -> Object
        _3S.CoDeSys.NWLObject.IBoxTreeBox8.get_ProvidesSTSnippet() -> Boolean
        _3S.CoDeSys.NWLObject.IBoxTreeBox8.set_ProvidesSTSnippet(Boolean value) -> Void
        SetInputFlag(Int32 nIndex, IFlags2 flags) -> Void
        ReplaceInput(Int32 nIndex, IBoxTree ibt) -> Void
        AppendInputItem(IBoxTree ibt) -> Void
        InsertInputItem(Int32 i, IBoxTree ibt) -> Void
        RemoveInputItem(Int32 i) -> Void
        Visit(IBoxTreeVisitor ibtv) -> Void
        IsOperand() -> Boolean
        ClearID() -> Void
        SetInputTree(Int32 iIndex, IBoxTree ibtTree) -> Void
        GetLanguageModelSnippet(INWLImplementationObject impl) -> String
        GetType() -> Type
        ToString() -> String
        AfterClone() -> Void
        Equals(Object obj) -> Boolean
        GetHashCode() -> Int32
        Finalize() -> Void
        MemberwiseClone() -> Object
done
