census of: Lenze_MID-S100_V5_00_602_T51.project
POUs with networks: 40   networks: 373

En.bool=False                                           249   e.g. Mach1_Drives net5
En.bool=True                                            219   e.g. Mach1_Drives net4
En.type=Boolean                                         468   e.g. Mach1_Drives net4
En.type=null                                            814   e.g. Mach1_Drives net0
EnNotTrue: Names[0]==EN -> False                       1062   e.g. Mach1_Drives net0
EnNotTrue: Names[0]==EN -> True                           1   e.g. AHWF net2
EnNotTrue: inputs==len(Names) -> False                  834   e.g. Mach1_Drives net0
EnNotTrue: inputs==len(Names) -> True                   229   e.g. Mach1_Drives net5
EnTrue: Names[0]==EN -> True                            219   e.g. Mach1_Drives net4
EnTrue: inputs-len(Names) = 0                            50   e.g. Mach1_Drives net4
EnTrue: inputs-len(Names) = 1                           100   e.g. Mach1_Drives net4
EnTrue: inputs-len(Names) = 2                            69   e.g. Mach1_Drives net27
EnTrue: inputs==len(Names) -> False                     169   e.g. Mach1_Drives net4
EnTrue: inputs==len(Names) -> True                       50   e.g. Mach1_Drives net4
OUT names==slots -> False                                14   e.g. General net0
OUT names==slots -> True                               1268   e.g. Mach1_Drives net0
OUT names[0]==ENO -> False (EnTrue=False)              1061   e.g. Mach1_Drives net0
OUT names[0]==ENO -> False (EnTrue=True)                 40   e.g. Mach1_Drives net27
OUT names[0]==ENO -> True (EnTrue=False)                  2   e.g. Mach1_MIDS net52
OUT names[0]==ENO -> True (EnTrue=True)                 179   e.g. Mach1_Drives net4
OUT real at slot 0 named 'scFirstErrorDataOut'            1   e.g. call_FirstErrorCapture_FB net4
OUT real at slot 1 named ''                             129   e.g. Mach1_Drives net4
OUT real at slot 1 named '<past end>'                     4   e.g. Mach1_MIDS net19
OUT real at slot 1 named 'OUT'                            8   e.g. Mach1_Drives net27
OUT real at slot 1 named 'oControlWord'                   5   e.g. Mach1_Drives net19
OUT real at slot 1 named 'oDriveSpeed'                    1   e.g. MainDrive net1
OUT real at slot 1 named 'oError'                         1   e.g. fc_CheckRegister net1
OUT real at slot 1 named 'oForwardUnguarded'              3   e.g. Mach1_MIDS net55
OUT real at slot 1 named 'oIntPercentage'                 1   e.g. SideCorrection net2
OUT real at slot 1 named 'oMeanValue'                     1   e.g. SideCorrection net0
OUT real at slot 1 named 'oServoControl'                  4   e.g. Mach1_Drives net7
OUT real at slot 1 named 'oValveTiltInpusher'             1   e.g. Mach1_MIDS net62
OUT real at slot 1 named 'xError'                         2   e.g. call_OEE_FB net0
OUT real at slot 14 named 'oAlarm'                        1   e.g. Mach1_MIDS net1
OUT real at slot 2 named 'oCorrectionValue'               1   e.g. SideCorrection net2
OUT real at slot 2 named 'oEnableHeaters'                 1   e.g. Mach1_MIDS net52
OUT real at slot 2 named 'oForwardGuarded'                5   e.g. Mach1_MIDS net55
OUT real at slot 2 named 'oPositionMotor'                 1   e.g. AHWF net2
OUT real at slot 2 named 'oRefSpeed'                      5   e.g. Mach1_Drives net19
OUT real at slot 2 named 'oStart1'                        1   e.g. Mach1_MIDS net1
OUT real at slot 2 named 'sRecipeNames'                   1   e.g. Recipes net0
OUT real at slot 2 named 'scShiftValues'                  1   e.g. call_OEE_FB net0
OUT real at slot 2 named 'xBusy'                          1   e.g. actReadFromFile net0
OUT real at slot 3 named 'dwReturnValue'                  1   e.g. Recipes net0
OUT real at slot 3 named 'oDeviationNoWrapper'            1   e.g. SideCorrection net2
OUT real at slot 3 named 'oPowerHeater1'                  1   e.g. Mach1_MIDS net52
OUT real at slot 3 named 'oReverseUnguarded'              3   e.g. Mach1_MIDS net55
OUT real at slot 3 named 'oStop1'                         1   e.g. Mach1_MIDS net1
OUT real at slot 3 named 'xDone'                          1   e.g. actReadFromFile net0
OUT real at slot 4 named 'oPowerHeater2'                  1   e.g. Mach1_MIDS net52
OUT real at slot 4 named 'oReverseGuarded'                5   e.g. Mach1_MIDS net55
OUT real at slot 4 named 'oSprayingValve'                 1   e.g. AHWF net2
OUT real at slot 4 named 'scFirstErrorData'               1   e.g. call_FirstErrorCapture_FB net8
OUT real at slot 4 named 'scOUT'                          1   e.g. actReadFromFile net0
OUT real at slot 4 named 'scOutFirstErrorData'            1   e.g. call_FirstErrorCapture_FB net3
OUT real at slot 5 named 'oCrossingDoorCircuit1'          1   e.g. Mach1_MIDS net1
OUT real at slot 5 named 'oPowerHeater3'                  1   e.g. Mach1_MIDS net52
OUT real at slot 5 named 'oWaterLevelValve'               1   e.g. AHWF net2
OUT real at slot 5 named 'xAxisReady'                     1   e.g. ATD_FQI net1
OUT real at slot 6 named 'oFaultWaitingForWrapper'        1   e.g. AHWF net2
OUT real at slot 6 named 'oStart2'                        1   e.g. Mach1_MIDS net1
OUT real at slot 7 named 'oFaultNoWrapper'                1   e.g. AHWF net2
OUT real at slot 7 named 'oStop2'                         1   e.g. Mach1_MIDS net1
OUT real at slot 8 named 'oFaultPhotocellWrapper'         1   e.g. AHWF net2
OUT real at slot 8 named 'xDriveError'                    1   e.g. ATD_FQI net1
OUT real at slot 9 named 'oCrossingDoorCircuit2'          1   e.g. Mach1_MIDS net1
OUT slots=0 null=0 empty=0 REAL=0                       823   e.g. Mach1_Drives net0
OUT slots=1 null=1 empty=0 REAL=0                       231   e.g. Mach1_Drives net4
OUT slots=15 null=1 empty=12 REAL=2                       1   e.g. ATD_FQI net1
OUT slots=15 null=1 empty=7 REAL=7                        1   e.g. Mach1_MIDS net1
OUT slots=2 null=1 empty=0 REAL=1                       148   e.g. Mach1_Drives net4
OUT slots=2 null=1 empty=1 REAL=0                        35   e.g. Mach1_Drives net6
OUT slots=2 null=2 empty=0 REAL=0                        10   e.g. General net0
OUT slots=3 null=1 empty=0 REAL=2                         6   e.g. Mach1_Drives net19
OUT slots=3 null=1 empty=2 REAL=0                         1   e.g. call_FirstErrorCapture_FB net6
OUT slots=30 null=1 empty=29 REAL=0                       1   e.g. POU net0
OUT slots=31 null=1 empty=30 REAL=0                       1   e.g. POU net2
OUT slots=33 null=1 empty=32 REAL=0                       1   e.g. POU net3
OUT slots=35 null=1 empty=34 REAL=0                       1   e.g. POU net4
OUT slots=4 null=1 empty=0 REAL=3                         1   e.g. SideCorrection net2
OUT slots=4 null=1 empty=1 REAL=2                         1   e.g. Recipes net0
OUT slots=4 null=1 empty=3 REAL=0                         4   e.g. ATD_TorqueControl net1
OUT slots=40 null=1 empty=39 REAL=0                       1   e.g. POU net1
OUT slots=5 null=1 empty=0 REAL=4                         3   e.g. Mach1_MIDS net55
OUT slots=5 null=1 empty=1 REAL=3                         1   e.g. Mach1_MIDS net65
OUT slots=5 null=1 empty=2 REAL=2                         2   e.g. Mach1_MIDS net66
OUT slots=5 null=1 empty=3 REAL=1                         2   e.g. SpeedCalculationTrayfiller net1
OUT slots=6 null=1 empty=4 REAL=1                         2   e.g. call_FirstErrorCapture_FB net4
OUT slots=6 null=1 empty=5 REAL=0                         2   e.g. Mach1_MotionControl net9
OUT slots=7 null=1 empty=2 REAL=4                         1   e.g. Mach1_MIDS net52
OUT slots=9 null=1 empty=2 REAL=6                         1   e.g. AHWF net2
OUT slots=9 null=1 empty=7 REAL=1                         1   e.g. Mach1_MIDS net62
assign/box null output entry                            469   e.g. Mach1_Drives net4
itemflag:Negation                                       718   e.g. Mach1_Drives net0
operandflag:Negation                                    359   e.g. Mach1_Drives net0
outputflag:Negation                                     128   e.g. Mach1_Drives net1
outputflag:Return                                         1   e.g. ATD_FQI net0
outputflag:Set                                          246   e.g. Mach1_Drives net1
