=== Lenze_MID-S100_V5_00_602_T51_Codesys.project
dump of a consumed enabled box at Mach1_Drives net4 (MOVE):
      type: _3S.CoDeSys.NWLObject.BoxTreeBox
        BoxType                      'MOVE'
        CallType                     _3S.CoDeSys.Core.LanguageModel.Operator.Move
        Instance                     <_3S.CoDeSys.NWLObject.Operand object at 0x0000000000000087>   (read-only)
        Outputs                      <_3S.CoDeSys.NWLObject.OutputItemList object at 0x0000000000000088 [_3S.CoDeSys.NWLObject.   (read-only)
        InputItemList                Array[IBoxTree]((<_3S.CoDeSys.NWLObject.BoxTreeDemux object at 0x0000000000000089 [_3S.CoD   (read-only)
        InputParams                  <_3S.CoDeSys.NWLObject.ParamList object at 0x000000000000008B [_3S.CoDeSys.NWLObject.Param   (read-only)
        OutputParams                 <_3S.CoDeSys.NWLObject.ParamList object at 0x000000000000008C [_3S.CoDeSys.NWLObject.Param   (read-only)
        Flags                        <_3S.CoDeSys.NWLObject.Flags object at 0x000000000000008D>   (read-only)
        MinInputPinCount             1   (read-only)
        MaxInputPinCount             1   (read-only)
        MinOutputPinCount            1   (read-only)
        MaxOutputPinCount            1   (read-only)
        EnEnoPossible                True   (read-only)
        EnEno                        True
        Image                        None
        Ordinary                     False
        En                           True
        Eno                          True
        InputFlags                   Array[Flags]((<_3S.CoDeSys.NWLObject.Flags object at 0x000000000000008E>, <_3S.CoDeSys.NWL   (read-only)
        STSnippet                    None
        ProvidesSTSnippet            False   (read-only)
        MainOutputIndex              0   (read-only)
        MainInputIndex               0   (read-only)
        ContainsExtensibleInputs     False
        _3S.CoDeSys.NWLObject.IBoxTreeBox8.ProvidesSTSnippet False
        Id                           1943L
        Added                        False
        Deleted                      False
        Changed                      False
        Accepted                     False
        DeletedAfter                 False
        DeletedBefore                False
        Inserted                     False
        ChangedContents              False
        Safe                         False
        SerializableValueNames       Array[str](('BoxType', 'Instance', 'OutputItems', 'Flags', 'InputFlags', 'InputItems', 'In   (read-only)
        GenericObjectService         <_3S.CoDeSys.ObjectManager.GenericObjectService object at 0x0000000000000090 [_3S.CoDeSys.   (read-only)
        methods: AfterClone, AfterDeserialize, AppendInputItem, BeforeSerialize, ClearID, Clone, CompareTo, CreateSerializableValue, Equals, Finalize, GetGenericCollectionSerializationMode, GetHashCode, GetLanguageModelSnippet, GetSerializableValue, GetSerializableValueNames, GetType, InsertInputItem, IsOperand, IsSerializableForVersion, MemberwiseClone, RemoveInputItem, ReplaceInput, SetInputFlag, SetInputTree, S
dump of a consumed enabled box at Mach1_Drives net7 (MOVE):
      type: _3S.CoDeSys.NWLObject.BoxTreeBox
        BoxType                      'MOVE'
        CallType                     _3S.CoDeSys.Core.LanguageModel.Operator.Move
        Instance                     <_3S.CoDeSys.NWLObject.Operand object at 0x0000000000000091>   (read-only)
        Outputs                      <_3S.CoDeSys.NWLObject.OutputItemList object at 0x0000000000000092 [_3S.CoDeSys.NWLObject.   (read-only)
        InputItemList                Array[IBoxTree]((<_3S.CoDeSys.NWLObject.BoxTreeBox object at 0x0000000000000093 [-_3S.CoDe   (read-only)
        InputParams                  <_3S.CoDeSys.NWLObject.ParamList object at 0x0000000000000095 [_3S.CoDeSys.NWLObject.Param   (read-only)
        OutputParams                 <_3S.CoDeSys.NWLObject.ParamList object at 0x0000000000000096 [_3S.CoDeSys.NWLObject.Param   (read-only)
        Flags                        <_3S.CoDeSys.NWLObject.Flags object at 0x0000000000000097>   (read-only)
        MinInputPinCount             1   (read-only)
        MaxInputPinCount             1   (read-only)
        MinOutputPinCount            1   (read-only)
        MaxOutputPinCount            1   (read-only)
        EnEnoPossible                True   (read-only)
        EnEno                        True
        Image                        None
        Ordinary                     False
        En                           True
        Eno                          True
        InputFlags                   Array[Flags]((<_3S.CoDeSys.NWLObject.Flags object at 0x0000000000000098>, <_3S.CoDeSys.NWL   (read-only)
        STSnippet                    None
        ProvidesSTSnippet            False   (read-only)
        MainOutputIndex              0   (read-only)
        MainInputIndex               0   (read-only)
        ContainsExtensibleInputs     False
        _3S.CoDeSys.NWLObject.IBoxTreeBox8.ProvidesSTSnippet False
        Id                           250L
        Added                        False
        Deleted                      False
        Changed                      False
        Accepted                     False
        DeletedAfter                 False
        DeletedBefore                False
        Inserted                     False
        ChangedContents              False
        Safe                         False
        SerializableValueNames       Array[str](('BoxType', 'Instance', 'OutputItems', 'Flags', 'InputFlags', 'InputItems', 'In   (read-only)
        GenericObjectService         <_3S.CoDeSys.ObjectManager.GenericObjectService object at 0x0000000000000090 [_3S.CoDeSys.   (read-only)
        methods: AfterClone, AfterDeserialize, AppendInputItem, BeforeSerialize, ClearID, Clone, CompareTo, CreateSerializableValue, Equals, Finalize, GetGenericCollectionSerializationMode, GetHashCode, GetLanguageModelSnippet, GetSerializableValue, GetSerializableValueNames, GetType, InsertInputItem, IsOperand, IsSerializableForVersion, MemberwiseClone, RemoveInputItem, ReplaceInput, SetInputFlag, SetInputTree, S
POUs with a consumed box: 28
=== Pro2193-94-95-96_COdesys.project
POUs with a consumed box: 1
=== AWA_Palletizer 09_1.project
POUs with a consumed box: 0
=== Bakon Nano new VISU v00_90.project
POUs with a consumed box: 1

A FBD consumed box, parent=Assign En=False Eno=False MainOutputIndex=0 slots=n slot0=''                  6   e.g. call_FirstErrorCapture_FB net1 MOVE ['']
A FBD consumed box, parent=Assign En=False Eno=False MainOutputIndex=0 slots=nee slot0=scFirstErrorDataOut     1   e.g. call_FirstErrorCapture_FB net6 L_GetErrorTextFromFunction ['scFirstErrorDataOut', 'sErrorText', 'xErrorTextFromFun']
A FBD consumed box, parent=Assign En=False Eno=False MainOutputIndex=1 slots=eneeRe slot0=xBusy          1   e.g. call_FirstErrorCapture_FB net8 L_FECA.L_FirstErrCaptureErrorAccess ['xBusy', 'xErrorActive', 'xUpdateError', 'xIsWarningInfo', 'scFirstErrorData', 'xErrorFB']
A FBD consumed box, parent=Assign En=False Eno=False MainOutputIndex=1 slots=eneeee slot0=xBusy          1   e.g. call_FirstErrorCapture_FB net2 L_FECA.L_FirstFASTErrCapture ['xBusy', 'xErrorActive', 'xFastErrorActive', 'xUpdateError', 'xIsWarningInfo', 'scFirstErrorData']
A FBD consumed box, parent=Box.input En=False Eno=False MainOutputIndex=0 slots=n slot0=''              17   e.g. call_FirstErrorCapture_FB net0 EQ ['']
A FBD consumed box, parent=Box.input En=False Eno=False MainOutputIndex=0 slots=n slot0=Q                1   e.g. call_FirstErrorCapture_FB net0 R_TRIG ['Q']
A FBD consumed box, parent=Box.input En=False Eno=False MainOutputIndex=0 slots=ne slot0=Q               1   e.g. call_FirstErrorCapture_FB net2 TON ['Q', 'ET']
A FBD consumed box, parent=Box.input En=False Eno=False MainOutputIndex=None slots= slot0=-              1   e.g. SetAlarm net0 OR []
A LD consumed box, parent=Assign En=False Eno=False MainOutputIndex=0 slots=n slot0=''                  24   e.g. Mach1_MIDS net7 Alarms_V5_1_100 ['   ']
A LD consumed box, parent=Assign En=False Eno=False MainOutputIndex=0 slots=n slot0=OUT                  1   e.g. General net6 BLINK ['OUT']
A LD consumed box, parent=Assign En=False Eno=False MainOutputIndex=0 slots=n slot0=Q                   29   e.g. Mach1_Drives net7 R_TRIG ['Q']
A LD consumed box, parent=Assign En=False Eno=False MainOutputIndex=0 slots=n slot0=Q1                   5   e.g. Dryer net1 RS ['Q1']
A LD consumed box, parent=Assign En=False Eno=False MainOutputIndex=0 slots=nRRRR slot0=''               2   e.g. Mach1_MIDS net55 RuntimeGuard_V5_1_100 ['   ', 'oForwardUnguarded', 'oForwardGuarded', 'oReverseUnguarded', 'oReverseGuarded']
A LD consumed box, parent=Assign En=False Eno=False MainOutputIndex=0 slots=nReRR slot0=''               1   e.g. Mach1_MIDS net65 RuntimeGuard_V5_1_100 ['   ', 'oForwardUnguarded', 'oForwardGuarded', 'oReverseUnguarded', 'oReverseGuarded']
A LD consumed box, parent=Assign En=False Eno=False MainOutputIndex=0 slots=ne slot0=Q                  12   e.g. Mach1_Drives net6 TON ['Q', 'ET']
A LD consumed box, parent=Assign En=False Eno=False MainOutputIndex=0 slots=neRReRRReReeeeR slot0=oResetEmergencyUnit     1   e.g. Mach1_MIDS net1 generalmachineflags ['oResetEmergencyUnit', 'oResetDoorUnit', 'oStart1', 'oStop1', 'oReset1', 'oCrossingDoorCircuit1', 'oStart2', 'oStop2', 'oReset2', 'oCrossingDoorCircuit2', 'oStart3', 'oStop3', 'oReset3', 'oCrossingDoorCircuit3', 'oAlarm']
A LD consumed box, parent=Assign En=False Eno=False MainOutputIndex=0 slots=neReR slot0=''               2   e.g. Mach1_MIDS net66 RuntimeGuard_V5_1_100 ['   ', 'oForwardUnguarded', 'oForwardGuarded', 'oReverseUnguarded', 'oReverseGuarded']
A LD consumed box, parent=Assign En=False Eno=False MainOutputIndex=0 slots=neRee slot0=''               1   e.g. SpeedCalculationTrayfiller net1 RuntimeGuard_V5_1_100 ['   ', 'oForwardUnguarded', 'oForwardGuarded', 'oReverseUnguarded', 'oReverseGuarded']
A LD consumed box, parent=Assign En=False Eno=False MainOutputIndex=0 slots=neee slot0=xDone             3   e.g. Mach1_MotionControl net1 L_MC1P_ChangeMachineData ['xDone', 'xBusy', 'xError', 'eErrorID']
A LD consumed box, parent=Assign En=False Eno=False MainOutputIndex=None slots= slot0=-                289   e.g. Mach1_Drives net0 AND []
A LD consumed box, parent=Assign En=True Eno=False MainOutputIndex=0 slots=n slot0=''                    2   e.g. Mach1_MIDS net41 LT ['']
A LD consumed box, parent=Assign En=True Eno=True MainOutputIndex=0 slots=n slot0=ENO                    1   e.g. fc_Visualisation_HMI net8 Alarms_ResetAlarmLogging ['ENO']
A LD consumed box, parent=Assign En=True Eno=True MainOutputIndex=0 slots=nR slot0=ENO                  15   e.g. Mach1_Drives net27 MOVE ['ENO', '']
A LD consumed box, parent=Box.input En=False Eno=False MainOutputIndex=0 slots=n slot0=''               52   e.g. Mach1_Drives net8 Alarms_V5_1_100 ['   ']
A LD consumed box, parent=Box.input En=False Eno=False MainOutputIndex=0 slots=n slot0=Q                16   e.g. Mach1_Drives net6 TOF ['Q']
A LD consumed box, parent=Box.input En=False Eno=False MainOutputIndex=0 slots=n slot0=Q1                1   e.g. TrayFiller net30 RS ['Q1']
A LD consumed box, parent=Box.input En=False Eno=False MainOutputIndex=0 slots=ne slot0=Q               13   e.g. Mach1_MIDS net19 TON ['Q', 'ET']
A LD consumed box, parent=Box.input En=False Eno=False MainOutputIndex=0 slots=neReRRRRR slot0=ENO       1   e.g. AHWF net2 WSM ['ENO', 'oVentilationMotor', 'oPositionMotor', 'oWindingMotor', 'oSprayingValve', 'oWaterLevelValve', 'oFaultWaitingForWrapper', 'oFaultNoWrapper', 'oFaultPhotocellWrapper']
A LD consumed box, parent=Box.input En=False Eno=False MainOutputIndex=None slots= slot0=-             457   e.g. Mach1_Drives net0 OR []
A LD consumed box, parent=Box.input En=True Eno=False MainOutputIndex=0 slots=n slot0=''                29   e.g. Mach1_Drives net27 GT ['']
A LD consumed box, parent=Box.input En=True Eno=True MainOutputIndex=0 slots=n slot0=ENO                 1   e.g. Mach1_MIDS net13 MainDrive ['ENO']
A LD consumed box, parent=Box.input En=True Eno=True MainOutputIndex=0 slots=nR slot0=ENO               35   e.g. Mach1_Drives net4 MOVE ['ENO', '']
A LD consumed box, parent=Box.input En=True Eno=True MainOutputIndex=0 slots=nRRR slot0=ENO              1   e.g. SideCorrection net2 SidecorrectionCalculation ['ENO', 'oIntPercentage', 'oCorrectionValue', 'oDeviationNoWrapper']
A LD consumed box, parent=Demux En=False Eno=False MainOutputIndex=0 slots=n slot0=''                    8   e.g. Mach1_Drives net20 Alarms_V5_1_100 ['   ']
A LD consumed box, parent=Demux En=False Eno=False MainOutputIndex=0 slots=n slot0=Q                     3   e.g. Mach1_MIDS net33 R_TRIG ['Q']
A LD consumed box, parent=Demux En=False Eno=False MainOutputIndex=0 slots=neRRRRe slot0=ENO             1   e.g. Mach1_MIDS net52 Dryer ['ENO', 'oFeedForward', 'oEnableHeaters', 'oPowerHeater1', 'oPowerHeater2', 'oPowerHeater3', 'oFaultDryerOpened']
A LD consumed box, parent=Demux En=False Eno=False MainOutputIndex=None slots= slot0=-                  53   e.g. Mach1_Drives net6 AND []
A LD consumed box, parent=Demux En=True Eno=True MainOutputIndex=0 slots=nR slot0=ENO                    2   e.g. Mach1_Drives net14 MOVE ['ENO', '']
A LD consumed box, parent=Parallel.IN En=False Eno=False MainOutputIndex=None slots= slot0=-             2   e.g. Mach1_Drives net6 AND []
A LD consumed box, parent=Parallel.IN En=True Eno=False MainOutputIndex=0 slots=n slot0=''               1   e.g. fc_CamC_CC_Base net0 GT ['']
A LD consumed box, parent=Parallel.IN En=True Eno=True MainOutputIndex=0 slots=nR slot0=ENO              1   e.g. TrayFiller net8 ADD ['ENO', '']
A LD consumed box, parent=Parallel.branch En=False Eno=False MainOutputIndex=0 slots=ne slot0=Q          2   e.g. Mach1_Drives net6 TOF ['Q', 'ET']
A LD consumed box, parent=Parallel.branch En=False Eno=False MainOutputIndex=None slots= slot0=-        13   e.g. Mach1_MIDS net41 AND []
A LD consumed box, parent=Parallel.branch En=True Eno=False MainOutputIndex=0 slots=n slot0=''           8   e.g. MainDrive net1 LE ['']
B EN/ENO-block read by BranchInput via ENO                                                               1   e.g. TrayFiller ADD(ENO,Out2)->ENO
B EN/ENO-block read by block via ENO                                                                    35   e.g. AHWF MOVE(ENO,Out2)->ENO
B EN/ENO-block read by coil via ENO                                                                     21   e.g. Mach1_Drives MOVE(ENO,Out2)->ENO
B EN/ENO-block read by contact via ENO                                                                   9   e.g. AHWF WSM(ENO,oVentilationMotor,oPositionMotor,oWindingMotor,oSprayingValve,oWaterLevelValve,oFaultWaitingForWrapper,oFaultNoWrapper,oFaultPhotocellWrapper)->ENO
B EN/noENO-block read by BranchInput via output #0 of 1                                                  1   e.g. fc_CamC_CC_Base GT(Out1)->Out1
B EN/noENO-block read by Tree via output #0 of 1                                                        10   e.g. GeneralMachineFlags EQ(Out1)->Out1
B EN/noENO-block read by block via output #0 of 1                                                       23   e.g. Dryer GT(Out1)->Out1
B EN/noENO-block read by coil via output #0 of 1                                                         9   e.g. GeneralMachineFlags EQ(Out1)->Out1
B EN/noENO-block read by contact via output #0 of 1                                                     10   e.g. Mach1_Drives GT(Out1)->Out1
B noEN/ENO-block read by block via ENO                                                                   3   e.g. Mach1_MIDS Dryer(ENO,oFeedForward,oEnableHeaters,oPowerHeater1,oPowerHeater2,oPowerHeater3,oFaultDryerOpened)->ENO
B noEN/ENO-block read by contact via ENO                                                                 1   e.g. Mach1_MIDS Dryer(ENO,oFeedForward,oEnableHeaters,oPowerHeater1,oPowerHeater2,oPowerHeater3,oFaultDryerOpened)->ENO
B noEN/noENO-block read by Tree via output #0 of 2                                                       2   e.g. Mach1_Drives TOF(Q,ET)->Q
B noEN/noENO-block read by block via output #0 of 1                                                     31   e.g. AHWF fc_CamC_CC_UDT(   )->   
B noEN/noENO-block read by block via output #0 of 2                                                      8   e.g. Dryer TON(Q,ET)->Q
B noEN/noENO-block read by coil via output #-1 of 1                                                     18   e.g. Mach1_Drives Alarms_V5_1_100(   )->Mach1.GenFlags.StopDriveDirect
B noEN/noENO-block read by coil via output #-1 of 2                                                      4   e.g. TrayFiller TON(Q,ET)->stRestposition
B noEN/noENO-block read by coil via output #0 of 1                                                      90   e.g. AHWF fc_CamC_CP_UDT(   )->   
B noEN/noENO-block read by coil via output #0 of 15                                                      1   e.g. Mach1_MIDS generalmachineflags(oResetEmergencyUnit,oResetDoorUnit,oStart1,oStop1,oReset1,oCrossingDoorCircuit1,oStart2,oStop2,oReset2,oCrossingDoorCircuit2,oStart3,oStop3,oReset3,oCrossingDoorCircuit3,oAlarm)->oResetEmergencyUnit
B noEN/noENO-block read by coil via output #0 of 2                                                      24   e.g. Mach1_Drives TON(Q,ET)->Q
B noEN/noENO-block read by coil via output #0 of 4                                                       3   e.g. Mach1_MotionControl L_MC1P_ChangeMachineData(xDone,xBusy,xError,eErrorID)->xDone
B noEN/noENO-block read by coil via output #0 of 5                                                       6   e.g. Mach1_MIDS RuntimeGuard_V5_1_100(   ,oForwardUnguarded,oForwardGuarded,oReverseUnguarded,oReverseGuarded)->   
B noEN/noENO-block read by contact via output #0 of 1                                                   51   e.g. AHWF R_TRIG(Q)->Q
B noEN/noENO-block read by contact via output #0 of 2                                                    6   e.g. AHWF TON(Q,ET)->Q
B noEN/noENO-block read by outVariable via output #0 of 1                                                6   e.g. call_FirstErrorCapture_FB MOVE(Out1)->Out1
B noEN/noENO-block read by outVariable via output #1 of 6                                                1   e.g. call_FirstErrorCapture_FB L_FECA.L_FirstFASTErrCapture(xBusy,xErrorActive,xFastErrorActive,xUpdateError,xIsWarningInfo,scFirstErrorData)->xErrorActive
C AGREES: export output #0 = MainOutputIndex, paired by order in its POU                                 4   e.g. SetAlarm netNone AND|(Out1)->Out1
C AGREES: export output #0 = MainOutputIndex, paired by order in its network                            90   e.g. AHWF net3 ALARMS_V5_1_100|(   )->   
C AGREES: export output #0 = MainOutputIndex, paired unique in its POU                                  12   e.g. MainDrive netNone TON|MACH1_AUXDATA.IEC_TIMERS.TON_DELAYAFTERDOORSCLOSED(Q,ET)->Q
C AGREES: export output #0 = MainOutputIndex, paired unique in its network                             230   e.g. AHWF net0 MOVE|(ENO,Out2)->ENO
C AGREES: export output #1 = MainOutputIndex, paired unique in its POU                                   1   e.g. call_FirstErrorCapture_FB netNone L_FECA.L_FIRSTFASTERRCAPTURE|FBFIRSTERRCAPTURE(xBusy,xErrorActive,xFastErrorActive,xUpdateError,xIsWarningInfo,scFirstErrorData)->xErrorActive
C connection in a POU whose name two objects share - not paired                                          4   e.g. Recipes
C connection to a AND block whose key count differs between the sides - not paired                       5   e.g. AHWF net7 AND| nwl=4 export=1
C connection to a EQ block whose key count differs between the sides - not paired                        3   e.g. call_FirstErrorCapture_FB netNone EQ| nwl=5 export=3
C connection to a OR block whose key count differs between the sides - not paired                        2   e.g. call_FirstErrorCapture_FB netNone OR| nwl=3 export=2
C export names no output (an LD join names the coil): MainOutputIndex=0 ('') of 1 output(s)             14   e.g. Mach1_Drives net11 ALARMS_V5_1_100|->Mach1.GenFlags.StopDriveDirect
C export names no output (an LD join names the coil): MainOutputIndex=0 (Q) of 1 output(s)               4   e.g. Mach1_MIDS net33 R_TRIG|MACH1_AUXDATA.EDGE.OSP_DRYERZEROPOINT->Mach1_AuxData.PreviousCycleHasOutfeedError
C export names no output (an LD join names the coil): MainOutputIndex=0 (Q) of 2 output(s)               4   e.g. TrayFiller net1 TON|TMR_INPUSHERDOWN->stRestposition
C network split does not line up (export titles vs NWL) - paired over the whole POU                      3   e.g. MainDrive 4 vs 5
C operator box (NWL stores no MainOutputIndex), export reads output #0 of 1                              1   e.g. SetAlarm netNone OR|->Out1
done
