==== LanguageModelMgr scanner/parser surface
  CreateParser(IScanner scanner) -> _3S.CoDeSys.Core.LanguageModel.IParser
  CreateScanner(String stText, Boolean bIncludeComments, Boolean bIncludeEndOfLines, Boolean bIncludePragmas, Boolean bIncludeWhitespaces) -> _3S.CoDeSys.Core.LanguageModel.IScanner
scanner: _3S.CoDeSys.Compiler35190.PreCompile.Scanner via CreateScanner(String stText, Boolean bIncludeComments, Boolean bIncludeEndOfLines, Boolean bIncludePragmas, Boolean bIncludeWhitespaces) -> _3S.CoDeSys.Core.LanguageModel.IScanner
parser: _3S.CoDeSys.Compiler35190.PreCompile.Parser
==== parser methods
  ParsePragma(Boolean& bError, IMinimalPosition errorpos, String stPragma) -> _3S.CoDeSys.LanguageModelManager.InternalInterfaces._IStatement
  ParseInterfaceSnippet() -> _3S.CoDeSys.LanguageModelManager.InternalInterfaces._IStatement
  ParseSTOperand(Boolean& bError) -> _3S.CoDeSys.LanguageModelManager.InternalInterfaces._IExpression
  ParseType() -> _3S.CoDeSys.LanguageModelManager.InternalInterfaces._IType
  ParseST(Boolean bLibrary) -> _3S.CoDeSys.LanguageModelManager.InternalInterfaces._IStatement
  ParseST() -> _3S.CoDeSys.LanguageModelManager.InternalInterfaces._IStatement
  ParseInitialisation() -> _3S.CoDeSys.Core.LanguageModel.IExpression
  ParseTypeDeclaration(IMessage& message) -> _3S.CoDeSys.Core.LanguageModel.ICompiledType
  ParseVariableDeclarationList() -> _3S.CoDeSys.Core.LanguageModel.IStatement
  ParseGlobalVarlist(String stName) -> _3S.CoDeSys.Core.LanguageModel.ISignature
  ParseInterface() -> _3S.CoDeSys.Core.LanguageModel.ISignature
  ParseExpression() -> _3S.CoDeSys.Core.LanguageModel.IExpression
  ParseStatement() -> _3S.CoDeSys.Core.LanguageModel.ISequenceStatement
  ParseOperand() -> _3S.CoDeSys.Core.LanguageModel.IExpression
  ParseTypeDeclaration() -> _3S.CoDeSys.Core.LanguageModel.ICompiledType

==== shapes
  PROGRAM            ParseInterface:Program
  FUNCTION_BLOCK     ParseInterface:FunctionBlock
  FUNCTION           ParseInterface:Function
  pragma+PROGRAM     ParseInterface:Program
  unclosed comment   ParseInterface:None
  empty              ParseInterface:None
  prose              ParseInterface:None
  TYPE struct        ParseInterface:Type

==== 271 POUs: 262 parser agrees with the signature, 0 differ, 9 have no signature
  no signature: ShiftStackStatusFB: parser ParseInterface:FunctionBlock
  no signature: RemoveStackStatusBFU: parser ParseInterface:Function
  no signature: StickerUnits: parser ParseInterface:Program
  no signature: MagazineBaseFB: parser ParseInterface:FunctionBlock
  no signature: Magazine_BeursFB: parser ParseInterface:FunctionBlock
  no signature: MagazineMotors_WrapFB: parser ParseInterface:FunctionBlock
  no signature: MagazineMotors_TurnAroundFB: parser ParseInterface:FunctionBlock
  no signature: MagazinePeeling_BeursFB: parser ParseInterface:FunctionBlock
  no signature: CheckPointer: parser ParseInterface:Function
round 0 over 271 POUs: object read + Interface text 959 ms; FindSignature 586 ms; text + ParseInterface 1035 ms
round 1 over 271 POUs: object read + Interface text 969 ms; FindSignature 668 ms; text + ParseInterface 1024 ms
