project: C:\Users\marce\Github\volt\packages\volt-cli\test\fixtures\Pro2193-94-95-96_COdesys.project
LanguageModelMgr: _3S.CoDeSys.LanguageModelManagerLegacy.LanguageModelManagerLegacy
  LanguageModelMgrConsolidated_SignatureInserted(Object sender, SignatureChangedEventArgs e) -> Void
  LanguageModelMgrConsolidated_SignatureDeleted(Object sender, SignatureChangedEventArgs e) -> Void
  LanguageModelMgrConsolidated_SignatureChanged(Object sender, SignatureChangedEventArgs e) -> Void
  get_PrecompileContexts() -> IPreCompileContext[]
  get_PrecompileInformationUpToDate() -> Boolean
  add_SignatureChanged(SignatureChangedEventHandler value) -> Void
  remove_SignatureChanged(SignatureChangedEventHandler value) -> Void
  add_SignatureDeleted(SignatureChangedEventHandler value) -> Void
  remove_SignatureDeleted(SignatureChangedEventHandler value) -> Void
  add_SignatureInserted(SignatureChangedEventHandler value) -> Void
  remove_SignatureInserted(SignatureChangedEventHandler value) -> Void
  AllPrecompiledSignatures(Boolean bWithLibraries, Boolean bWithResources) -> ISignature[]
  AllSignatures(Boolean bCompiled) -> IScope
  DisablePrecompileChecksInNoUIMode() -> Void
  EnablePrecompileChecksInNoUIMode() -> Void
  FindSignature(Guid guidObject, IPreCompileContext& precom) -> ISignature
  FindSignaturesByName(Int32 nProjectHandle, Guid callingObjectGuid, String stName) -> ISignature[]
  FindSignaturesByName(Int32 nProjectHandle, Guid applicationGuid, Guid callingObjectGuid, String stName) -> ISignature[]
  FinishPrecompileChecks() -> Void
  GetBaseSignature(ISignature2 sign) -> ISignature2
  GetBaseSignature(ISignature2 sign, Guid guidApplication) -> ISignature2
  GetInterfaceSignatures(ISignature2 sign) -> ISignature2[]
  GetInterfaceSignatures(ISignature2 sign, Guid guidApplication) -> ISignature2[]
  GetLibraryPrecompileContext(String stLibraryId) -> IPreCompileContext
  GetPrecompileContext(Guid guidApplication) -> IPreCompileContext
  GetPrecompileContextOfSignature(ISignature sign) -> IPreCompileContext2
  GetPrecompiledCrossReferences(Regex regex) -> IDictionary`2
  GetSignatureForPrecompileID(Int32 precompileId) -> ISignature6
  GlobalSignatures(Boolean bCompiled) -> IScope
  IsHiddenSignature(ISignature signature, GUIHidingFlags flagsToConsider) -> Boolean
app context: yes

==== 271 IPOUObject under the application
POUType tally: <null signature>=9, Function=35, FunctionBlock=181, Program=46
keyword vs POUType disagreements: 9
  ShiftStackStatusFB: keyword FUNCTION_BLOCK, POUType <null signature>
  RemoveStackStatusBFU: keyword FUNCTION, POUType <null signature>
  StickerUnits: keyword PROGRAM, POUType <null signature>
  MagazineBaseFB: keyword FUNCTION_BLOCK, POUType <null signature>
  Magazine_BeursFB: keyword FUNCTION_BLOCK, POUType <null signature>
  MagazineMotors_WrapFB: keyword FUNCTION_BLOCK, POUType <null signature>
  MagazineMotors_TurnAroundFB: keyword FUNCTION_BLOCK, POUType <null signature>
  MagazinePeeling_BeursFB: keyword FUNCTION_BLOCK, POUType <null signature>
  CheckPointer: keyword FUNCTION, POUType <null signature>
AllSignatures(False): none (None)
GlobalSignatures(False): none (None)
  null: ShiftStackStatusFB  exclude_from_build=False  parents=Stack Status/Servo conveyor/31.40 - Conveyors/31 SER/03 Hardware Units/Application/Plc Logic/Device  Guid.Empty ctx=<null signature>  FindSignature=<null signature>  uncompiled=-
  null: RemoveStackStatusBFU  exclude_from_build=False  parents=Stack Status/Servo conveyor/31.40 - Conveyors/31 SER/03 Hardware Units/Application/Plc Logic/Device  Guid.Empty ctx=<null signature>  FindSignature=<null signature>  uncompiled=-
  null: StickerUnits  exclude_from_build=True  parents=31.03 - Sticker Units/31 SER/03 Hardware Units/Application/Plc Logic/Device  Guid.Empty ctx=<null signature>  FindSignature=<null signature>  uncompiled=-
  null: MagazineBaseFB  exclude_from_build=True  parents=Main/31.11 - Magazines/31 SER/03 Hardware Units/Application/Plc Logic/Device  Guid.Empty ctx=<null signature>  FindSignature=<null signature>  uncompiled=-
  null: Magazine_BeursFB  exclude_from_build=True  parents=Main/31.11 - Magazines/31 SER/03 Hardware Units/Application/Plc Logic/Device  Guid.Empty ctx=<null signature>  FindSignature=<null signature>  uncompiled=-
  null: MagazineMotors_WrapFB  exclude_from_build=False  parents=Wrap Magazine/Motors/31.11 - Magazines/31 SER/03 Hardware Units/Application/Plc Logic/Device  Guid.Empty ctx=<null signature>  FindSignature=<null signature>  uncompiled=-
  null: MagazineMotors_TurnAroundFB  exclude_from_build=False  parents=Turn Around Magazine/Motors/31.11 - Magazines/31 SER/03 Hardware Units/Application/Plc Logic/Device  Guid.Empty ctx=<null signature>  FindSignature=<null signature>  uncompiled=-
  null: MagazinePeeling_BeursFB  exclude_from_build=False  parents=Peeling/31.11 - Magazines/31 SER/03 Hardware Units/Application/Plc Logic/Device  Guid.Empty ctx=<null signature>  FindSignature=<null signature>  uncompiled=-
  null: CheckPointer  exclude_from_build=True  parents=Implicit Check Functions/Functions/99 Library/Application/Plc Logic/Device  Guid.Empty ctx=<null signature>  FindSignature=<null signature>  uncompiled=-
FindSignature vs application context: 271 agree, 0 differ
FindSignature over 271 POUs: 581 ms
timing over 271 POUs (IronPython reflection, relative only): object read 920 ms; object read + Interface text 930 ms; context + signature 645 ms; signature on one context 618 ms

==== in-place write: is an earlier context current?
  after create as PROGRAM: Program
  after rewrite as FUNCTION_BLOCK: earlier context FunctionBlock; fresh context FunctionBlock; same object True
  after rewrite with an unclosed comment: earlier context None

==== POU pool (project root, no Application above)
  created; parent = Project(Project=0, stPath=c:\users\marce\appdata\local\temp\volt-pou-kind-sig.project)
  application context: <null signature>
  project-guid context: FunctionBlock
  Guid.Empty context: FunctionBlock
  FindSignature: FunctionBlock
  after an unclosed comment: FindSignature None
  VltSigProbe repaired as PROGRAM: FindSignature Program
  application 'Application' context: <null signature>
