opened Lenze_MID-S100_V5_00_602_T51.project
OptionRoot values: ['Project', 'ProjectDefaults', 'Machine', 'MachineProject', 'User', 'UserProject', 'Temporary']

=== root Project -> <_3S.CoDeSys.OptionStorage.OptionKey object at 0x0000000000000087 [_3S.CoDeSys.OptionStorage.OptionKey]> ===
   key type _3S.CoDeSys.OptionStorage.OptionKey
      m SetSerializableValue         (String, Object, IArchiveReporter)
      m SetStorageAndParent          (OptionStorage, OptionKey)
      m SetParent                    (OptionKey)
      m CreateSubKey                 (String)
      m OpenSubKey                   (String)
      m DeleteSubKey                 (String)
      m HasSubKey                    (String)
      m DeleteValue                  (String)
      m HasValue                     (String, Type)
      m Merge                        (IOptionKey, Action`1, Action`1)
      m GetSerializableValueNames    (IArchiveVersionInfo, IArchiveReporter)
      m GetSerializableValue         (String, IArchiveVersionInfo, IArchiveReporter)
      m BeforeSerialize              (IArchiveVersionInfo)
      m CreateSerializableValue      (String, Byte[], IArchiveReporter)
      m GetGenericCollectionSerializationMode (String, IArchiveVersionInfo, Boolean, IArchiveReporter)
      m IsSerializableForVersion     (IArchiveVersionInfo)
      m Clone                        ()
      m AfterDeserialize             ()
      m AfterClone                   ()
      m CompareTo                    (Object)
      m Equals                       (Object)
      m GetHashCode                  ()
      m GetType                      ()
      m ToString                     ()
   HITS: 0

=== root ProjectDefaults -> <_3S.CoDeSys.OptionStorage.OptionKey object at 0x0000000000000088 [_3S.CoDeSys.OptionStorage.OptionKey]> ===
   key type _3S.CoDeSys.OptionStorage.OptionKey
      m SetSerializableValue         (String, Object, IArchiveReporter)
      m SetStorageAndParent          (OptionStorage, OptionKey)
      m SetParent                    (OptionKey)
      m CreateSubKey                 (String)
      m OpenSubKey                   (String)
      m DeleteSubKey                 (String)
      m HasSubKey                    (String)
      m DeleteValue                  (String)
      m HasValue                     (String, Type)
      m Merge                        (IOptionKey, Action`1, Action`1)
      m GetSerializableValueNames    (IArchiveVersionInfo, IArchiveReporter)
      m GetSerializableValue         (String, IArchiveVersionInfo, IArchiveReporter)
      m BeforeSerialize              (IArchiveVersionInfo)
      m CreateSerializableValue      (String, Byte[], IArchiveReporter)
      m GetGenericCollectionSerializationMode (String, IArchiveVersionInfo, Boolean, IArchiveReporter)
      m IsSerializableForVersion     (IArchiveVersionInfo)
      m Clone                        ()
      m AfterDeserialize             ()
      m AfterClone                   ()
      m CompareTo                    (Object)
      m Equals                       (Object)
      m GetHashCode                  ()
      m GetType                      ()
      m ToString                     ()
   HITS: 0

=== root Machine -> <_3S.CoDeSys.OptionStorage.OptionKey object at 0x0000000000000089 [_3S.CoDeSys.OptionStorage.OptionKey]> ===
   key type _3S.CoDeSys.OptionStorage.OptionKey
      m SetSerializableValue         (String, Object, IArchiveReporter)
      m SetStorageAndParent          (OptionStorage, OptionKey)
      m SetParent                    (OptionKey)
      m CreateSubKey                 (String)
      m OpenSubKey                   (String)
      m DeleteSubKey                 (String)
      m HasSubKey                    (String)
      m DeleteValue                  (String)
      m HasValue                     (String, Type)
      m Merge                        (IOptionKey, Action`1, Action`1)
      m GetSerializableValueNames    (IArchiveVersionInfo, IArchiveReporter)
      m GetSerializableValue         (String, IArchiveVersionInfo, IArchiveReporter)
      m BeforeSerialize              (IArchiveVersionInfo)
      m CreateSerializableValue      (String, Byte[], IArchiveReporter)
      m GetGenericCollectionSerializationMode (String, IArchiveVersionInfo, Boolean, IArchiveReporter)
      m IsSerializableForVersion     (IArchiveVersionInfo)
      m Clone                        ()
      m AfterDeserialize             ()
      m AfterClone                   ()
      m CompareTo                    (Object)
      m Equals                       (Object)
      m GetHashCode                  ()
      m GetType                      ()
      m ToString                     ()
   HITS: 0

=== root MachineProject -> <_3S.CoDeSys.OptionStorage.OptionKey object at 0x000000000000008A [_3S.CoDeSys.OptionStorage.OptionKey]> ===
   key type _3S.CoDeSys.OptionStorage.OptionKey
      m SetSerializableValue         (String, Object, IArchiveReporter)
      m SetStorageAndParent          (OptionStorage, OptionKey)
      m SetParent                    (OptionKey)
      m CreateSubKey                 (String)
      m OpenSubKey                   (String)
      m DeleteSubKey                 (String)
      m HasSubKey                    (String)
      m DeleteValue                  (String)
      m HasValue                     (String, Type)
      m Merge                        (IOptionKey, Action`1, Action`1)
      m GetSerializableValueNames    (IArchiveVersionInfo, IArchiveReporter)
      m GetSerializableValue         (String, IArchiveVersionInfo, IArchiveReporter)
      m BeforeSerialize              (IArchiveVersionInfo)
      m CreateSerializableValue      (String, Byte[], IArchiveReporter)
      m GetGenericCollectionSerializationMode (String, IArchiveVersionInfo, Boolean, IArchiveReporter)
      m IsSerializableForVersion     (IArchiveVersionInfo)
      m Clone                        ()
      m AfterDeserialize             ()
      m AfterClone                   ()
      m CompareTo                    (Object)
      m Equals                       (Object)
      m GetHashCode                  ()
      m GetType                      ()
      m ToString                     ()
   HITS: 0

=== root User -> <_3S.CoDeSys.OptionStorage.OptionKey object at 0x000000000000008B [_3S.CoDeSys.OptionStorage.OptionKey]> ===
   key type _3S.CoDeSys.OptionStorage.OptionKey
      m SetSerializableValue         (String, Object, IArchiveReporter)
      m SetStorageAndParent          (OptionStorage, OptionKey)
      m SetParent                    (OptionKey)
      m CreateSubKey                 (String)
      m OpenSubKey                   (String)
      m DeleteSubKey                 (String)
      m HasSubKey                    (String)
      m DeleteValue                  (String)
      m HasValue                     (String, Type)
      m Merge                        (IOptionKey, Action`1, Action`1)
      m GetSerializableValueNames    (IArchiveVersionInfo, IArchiveReporter)
      m GetSerializableValue         (String, IArchiveVersionInfo, IArchiveReporter)
      m BeforeSerialize              (IArchiveVersionInfo)
      m CreateSerializableValue      (String, Byte[], IArchiveReporter)
      m GetGenericCollectionSerializationMode (String, IArchiveVersionInfo, Boolean, IArchiveReporter)
      m IsSerializableForVersion     (IArchiveVersionInfo)
      m Clone                        ()
      m AfterDeserialize             ()
      m AfterClone                   ()
      m CompareTo                    (Object)
      m Equals                       (Object)
      m GetHashCode                  ()
      m GetType                      ()
      m ToString                     ()
   HITS: 0

=== root UserProject -> <_3S.CoDeSys.OptionStorage.OptionKey object at 0x000000000000008C [_3S.CoDeSys.OptionStorage.OptionKey]> ===
   key type _3S.CoDeSys.OptionStorage.OptionKey
      m SetSerializableValue         (String, Object, IArchiveReporter)
      m SetStorageAndParent          (OptionStorage, OptionKey)
      m SetParent                    (OptionKey)
      m CreateSubKey                 (String)
      m OpenSubKey                   (String)
      m DeleteSubKey                 (String)
      m HasSubKey                    (String)
      m DeleteValue                  (String)
      m HasValue                     (String, Type)
      m Merge                        (IOptionKey, Action`1, Action`1)
      m GetSerializableValueNames    (IArchiveVersionInfo, IArchiveReporter)
      m GetSerializableValue         (String, IArchiveVersionInfo, IArchiveReporter)
      m BeforeSerialize              (IArchiveVersionInfo)
      m CreateSerializableValue      (String, Byte[], IArchiveReporter)
      m GetGenericCollectionSerializationMode (String, IArchiveVersionInfo, Boolean, IArchiveReporter)
      m IsSerializableForVersion     (IArchiveVersionInfo)
      m Clone                        ()
      m AfterDeserialize             ()
      m AfterClone                   ()
      m CompareTo                    (Object)
      m Equals                       (Object)
      m GetHashCode                  ()
      m GetType                      ()
      m ToString                     ()
   HITS: 0

=== root Temporary -> None ===

done
