opened Pro2193-94-95-96_COdesys.project
root = <_3S.CoDeSys.OptionStorage.OptionKey object at 0x0000000000000087 [_3S.CoDeSys.OptionStorage.OptionKey]>

=== every method on IOptionKey (untruncated) ===
   SetSerializableValue(String, Object, IArchiveReporter)       generic=False -> Void
   SetSerializableValue(String, Object)                         generic=False -> Void
   SetStorageAndParent(OptionStorage, OptionKey)                generic=False -> Void
   SetParent(OptionKey)                                         generic=False -> Void
   get_Name()                                                   generic=False -> String
   get_ParentKey()                                              generic=False -> IOptionKey
   get_SubKeyNames()                                            generic=False -> String[]
   get_ValueNames()                                             generic=False -> String[]
   CreateSubKey(String)                                         generic=False -> IOptionKey
   CreateSubKey(String, Boolean)                                generic=False -> IOptionKey
   OpenSubKey(String)                                           generic=False -> IOptionKey
   DeleteSubKey(String)                                         generic=False -> Void
   HasSubKey(String)                                            generic=False -> Boolean
   get_Item(String)                                             generic=False -> Object
   set_Item(String, Object)                                     generic=False -> Void
   DeleteValue(String)                                          generic=False -> Void
   HasValue(String, Type)                                       generic=False -> Boolean
   Merge(IOptionKey, Action`1, Action`1)                        generic=False -> Void
   GetSerializableValueNames(IArchiveVersionInfo, IArchiveReporter) generic=False -> String[]
   GetSerializableValue(String, IArchiveVersionInfo, IArchiveReporter) generic=False -> Object
   BeforeSerialize(IArchiveVersionInfo)                         generic=False -> Void
   CreateSerializableValue(String, Byte[], IArchiveReporter)    generic=False -> Object
   GetGenericCollectionSerializationMode(String, IArchiveVersionInfo, Boolean, IArchiveReporter) generic=False -> Nullable`1
   IsSerializableForVersion(IArchiveVersionInfo)                generic=False -> Boolean
   Clone()                                                      generic=False -> Object
   get_SerializableValueNames()                                 generic=False -> String[]
   GetSerializableValue(String)                                 generic=False -> Object
   BeforeSerialize()                                            generic=False -> Void
   AfterDeserialize()                                           generic=False -> Void
   AfterClone()                                                 generic=False -> Void
   CompareTo(Object)                                            generic=False -> Int32
   Equals(Object)                                               generic=False -> Boolean
   GetHashCode()                                                generic=False -> Int32
   GetType()                                                    generic=False -> Type
   ToString()                                                   generic=False -> String

=== OpenSubKey({8F99A816-E488-41E4-9FA3-846536012284}) ===
   sub = <_3S.CoDeSys.OptionStorage.OptionKey object at 0x0000000000000088 [_3S.CoDeSys.OptionStorage.OptionKey]>
   GetSerializableValueNames threw: StandardError: Exception has been thrown by the target of an invocation.

=== OpenSubKey({E709B08B-B6E4-4966-8EED-D793A13114C6}) ===
   sub = <_3S.CoDeSys.OptionStorage.OptionKey object at 0x0000000000000089 [_3S.CoDeSys.OptionStorage.OptionKey]>
   GetSerializableValueNames threw: StandardError: Exception has been thrown by the target of an invocation.

done
