probe-tc-dut-codes.ps1 - 2026-09-27, TcXaeShell 15.0, fixture `TwinCAT Project14` (ide.ps1 up -Vendor twincat -Fixture 14),
one VoltBridgeTwincat worker. Writes made through `volt push` (the user path); the probe run between them. Verbatim output.
openspec dut-subtype-on-the-wire tasks 1.1 / 1.2 - DIALECT C2e.

== baseline (fixture as committed, -Prefix "")
E_PackML_Mode 605 (enum  ) {2c980a45-2dd1-409a-b419-4f08747842eb} in 'DUTs'  decl: {attribute 'qualified_only'} | TYPE E_PackML_Mode : | (
E_PackML_State 605 (enum  ) {4a555fcd-036b-46e1-a750-4d12993f3247} in 'DUTs'  decl: {attribute 'qualified_only'} | TYPE E_PackML_State : | (

== after `volt push` creating VltM_A..E as STRUCT (VltMeasure/*.struct -> 5 x set VltM_X.dut, ifVersion null)
VltM_A       606 (struct) {03c27197-2a95-4601-94db-cbf360fe6e06} in 'VltMeasure'  decl: TYPE VltM_A : | STRUCT | 	alpha : INT;
VltM_B       606 (struct) {c856b296-62ef-4c1a-a5ab-764d6cf440e2} in 'VltMeasure'  decl: TYPE VltM_B : | STRUCT | 	alpha : INT;
VltM_C       606 (struct) {182b10c0-6bed-4be2-8734-deea14260fa3} in 'VltMeasure'  decl: TYPE VltM_C : | STRUCT | 	alpha : INT;
VltM_D       606 (struct) {74cc6597-8256-44d2-a8ed-e0d8a18fcf37} in 'VltMeasure'  decl: TYPE VltM_D : | STRUCT | 	alpha : INT;
VltM_E       606 (struct) {0b2c90db-2e49-479e-9e03-539547b1b105} in 'VltMeasure'  decl: TYPE VltM_E : | STRUCT | 	alpha : INT;

== after git RENAMES A.struct->A.enum (R071), C.struct->C.union (R065), D.struct->D.alias (R082); push = 3 x set VltM_X.dut (update, same name)
== bridge log: push 3 ops - accepted [updated: VltM_A.dut, VltM_C.dut, VltM_D.dut]
VltM_A       606 (struct) {03c27197-2a95-4601-94db-cbf360fe6e06} in 'VltMeasure'  decl: TYPE VltM_A : | (* | STRUCT
VltM_B       606 (struct) {c856b296-62ef-4c1a-a5ab-764d6cf440e2} in 'VltMeasure'  decl: TYPE VltM_B : | STRUCT | 	alpha : INT;
VltM_C       606 (struct) {182b10c0-6bed-4be2-8734-deea14260fa3} in 'VltMeasure'  decl: TYPE VltM_C : | (* | STRUCT
VltM_D       606 (struct) {74cc6597-8256-44d2-a8ed-e0d8a18fcf37} in 'VltMeasure'  decl: TYPE VltM_D : | (* | STRUCT
VltM_E       606 (struct) {0b2c90db-2e49-479e-9e03-539547b1b105} in 'VltMeasure'  decl: TYPE VltM_E : | STRUCT | 	alpha : INT;
(the "(* | STRUCT" is a comment block kept in the new text so git sees a rename; the live declaration below it is the enum/union/alias,
 confirmed in the saved VltM_A.TcDUT: same Id, `( alpha, beta, gamma );` after the comment)

== after git DELETE+ADD B.struct -> B.enum (no comment, A sorts before D): push = [set VltM_B.dut ifVersion v (enum text), delete VltM_B.dut ifVersion v]
== REJECTED: 'VltM_B' changed in the IDE while this push was being applied - refusing to delete it ... 1 of 2 item(s) were already written
VltM_B       606 (struct) {c856b296-62ef-4c1a-a5ab-764d6cf440e2} in 'VltMeasure'  decl: TYPE VltM_B : | ( | 	Red,

== after git DELETE+ADD E.struct -> E.union (D sorts before A): push = [delete VltM_E.dut ifVersion v, set VltM_E.dut ifVersion v]
== REJECTED in the pre-flight, nothing written: VltM_E.dut: [ITEM_MISSING] expected item to exist but it doesn't
VltM_E       606 (struct) {0b2c90db-2e49-479e-9e03-539547b1b105} in 'VltMeasure'  decl: TYPE VltM_E : | STRUCT | 	alpha : INT;

== File.SaveAll, Solution.Close, Solution.Open (same .sln) - codes RE-DERIVED from the declaration, Ids unchanged
VltM_A       605 (enum  ) {03c27197-2a95-4601-94db-cbf360fe6e06} in 'VltMeasure'  decl: TYPE VltM_A : | (* | STRUCT
VltM_B       605 (enum  ) {c856b296-62ef-4c1a-a5ab-764d6cf440e2} in 'VltMeasure'  decl: TYPE VltM_B : | ( | 	Red,
VltM_C       607 (union ) {182b10c0-6bed-4be2-8734-deea14260fa3} in 'VltMeasure'  decl: TYPE VltM_C : | (* | STRUCT
VltM_D       623 (alias ) {74cc6597-8256-44d2-a8ed-e0d8a18fcf37} in 'VltMeasure'  decl: TYPE VltM_D : | (* | STRUCT
VltM_E       606 (struct) {0b2c90db-2e49-479e-9e03-539547b1b105} in 'VltMeasure'  decl: TYPE VltM_E : | STRUCT | 	alpha : INT;
(worker restarted - a solution reload invalidates its COM handles: "Unexpected HRESULT has been returned from a call to a COM component";
 then `volt status`: in sync with the IDE - all five still VltM_X.dut in refs, versions unchanged across the reload)

== after git RENAMES C.union->C.struct, D.alias->D.struct (R066 each); push = 2 x set (update) - accepted
VltM_C       607 (union ) {182b10c0-6bed-4be2-8734-deea14260fa3} in 'VltMeasure'  decl: TYPE VltM_C : | (* | STRUCT
VltM_D       623 (alias ) {74cc6597-8256-44d2-a8ed-e0d8a18fcf37} in 'VltMeasure'  decl: TYPE VltM_D : | (* | STRUCT
volt build (VltM_Use called from PLC_PRG): `vD.beta := TRUE; vC.alpha := 3;` compile; `vD.zeta := 1;` ->
  [error] VltM_Use.prg:12 'vD.zeta' is no valid assignment target
  [error] VltM_Use.prg:12 'zeta' is no component of 'VLTM_D'
(an earlier build: `vB := VltM_B.Purple;` -> 'Purple' is no component of 'VLTM_B'; `VltM_B.Blue` compiles - the 606-coded DUT is an enum
 to the compiler. `vM.alpha := 1` on the IDE-authored 605 E_PackML_Mode ALSO compiles, so member access is no negative control here.)

== File.SaveAll, Solution.Close, Solution.Open - re-derived again
VltM_A       605 (enum  ) {03c27197-2a95-4601-94db-cbf360fe6e06} in 'VltMeasure'  decl: TYPE VltM_A : | (* | STRUCT
VltM_B       605 (enum  ) {c856b296-62ef-4c1a-a5ab-764d6cf440e2} in 'VltMeasure'  decl: TYPE VltM_B : | ( | 	Red,
VltM_C       606 (struct) {182b10c0-6bed-4be2-8734-deea14260fa3} in 'VltMeasure'  decl: TYPE VltM_C : | (* | STRUCT
VltM_D       606 (struct) {74cc6597-8256-44d2-a8ed-e0d8a18fcf37} in 'VltMeasure'  decl: TYPE VltM_D : | (* | STRUCT
VltM_E       606 (struct) {0b2c90db-2e49-479e-9e03-539547b1b105} in 'VltMeasure'  decl: TYPE VltM_E : | STRUCT | 	alpha : INT;
(fresh worker; `volt status`: in sync with the IDE)

######## second session, 2026-09-27 16:32 - a fresh `ide.ps1 up -Vendor twincat -Fixture 14` (TcXaeShell pid 46904, ONE
######## VoltBridgeTwincat worker, --xae-pid 46904). The two shapes the first session never wrote: a 605 as the SOURCE of
######## a subtype change (the fixture's own IDE-authored enums), and a DUT CREATED by today's push with a non-struct body.

== baseline (-Prefix "")
E_PackML_Mode 605 (enum  ) {2c980a45-2dd1-409a-b419-4f08747842eb} in 'DUTs'  decl: {attribute 'qualified_only'} | TYPE E_PackML_Mode : | (
E_PackML_State 605 (enum  ) {4a555fcd-036b-46e1-a750-4d12993f3247} in 'DUTs'  decl: {attribute 'qualified_only'} | TYPE E_PackML_State : | (

== after git RENAMES E_PackML_Mode.enum->.struct (R072), E_PackML_State.enum->.union (R089), enum body kept in a comment;
== push = 2 x set (update, same name) - bridge: push 2 ops - accepted [updated: E_PackML_Mode.dut, E_PackML_State.dut]
E_PackML_Mode 605 (enum  ) {2c980a45-2dd1-409a-b419-4f08747842eb} in 'DUTs'  decl: {attribute 'qualified_only'} | TYPE E_PackML_Mode : | (*
E_PackML_State 605 (enum  ) {4a555fcd-036b-46e1-a750-4d12993f3247} in 'DUTs'  decl: {attribute 'qualified_only'} | TYPE E_PackML_State : | (*
(605 kept, Ids unchanged, folder kept; `volt status`: in sync with the IDE)
volt build - the 605-coded DUTs are a STRUCT and a UNION to the compiler:
  [error] FB_PackML_Unit.fb:58 'eIDLE' is no component of 'E_PACKML_MODE'
  [error] FB_PackML_Unit.fb:64 'ePRODUCTION' is no component of 'E_PACKML_MODE'
  [error] FB_PackML_Unit.fb:75 Cannot convert type 'E_PackML_State' to type 'ANY_INT'

== after `volt push` CREATING one DUT of each subtype (VltMeasure/VltM_N.enum, _U.union, _L.alias, _S.struct -> 4 x set
== VltM_X.dut, ifVersion null) - bridge: push 4 ops - accepted [created: VltM_L.dut, VltM_N.dut, VltM_S.dut, VltM_U.dut]
VltM_L       606 (struct) {f20bba58-f780-42c7-9f6c-f83ac96858fb} in 'VltMeasure'  decl: TYPE VltM_L : STRING(80); | END_TYPE
VltM_N       606 (struct) {97da6e32-d8c5-47a5-8184-cdd8614290f9} in 'VltMeasure'  decl: TYPE VltM_N : | ( | 	Red,
VltM_S       606 (struct) {3a85486e-2a19-4531-a264-7b7f18d00789} in 'VltMeasure'  decl: TYPE VltM_S : | STRUCT | 	alpha : INT;
VltM_U       606 (struct) {b7d3d36e-6db3-4681-bed3-11fe3e81dc8d} in 'VltMeasure'  decl: TYPE VltM_U : | UNION | 	i : INT;
(ALL FOUR 606 - a create through today's push (606 seed + WriteText) does NOT re-derive the code live; C2b's "an enum
 declaration becomes 605, a union 607, an alias 623" was measured on the PLCopen import path, which is deleted)
volt build of VltM_Use (called from PLC_PRG): `vN : VltM_N := VltM_N.Green`, `vU.i := 1`, `vL := CONCAT(vL, 'x')`,
`vS.alpha := 2` compile; the negatives are refused as the DECLARED shape:
  [error] VltM_Use.prg:8 'Purple' is no component of 'VLTM_N'
  [error] VltM_Use.prg:10 'zeta' is no component of 'VLTM_U'
