probe process: 64-bit
own XAE pid: 35080 (owner of DTE.MainWindow.HWnd, image TcXaeShell)
DTE.Name     : TcXaeShell
DTE.Version  : 15.0
DTE.Edition  : Express
DTE.FullName : C:\Program Files (x86)\Beckhoff\TcXaeShell\Common7\IDE\TcXaeShell.exe
shell exe version-info: ProductName='TcXaeShell Application' ProductVersion='15.0.0.0' FileVersion='15.0.0.0' CompanyName='Beckhoff' FileDescription='TcXaeShell Application'
--- no solution open
TcRemoteManager.Version  : 
TcRemoteManager.Versions : 3.1.4024.74, 3.1.4024.50
modules listed: 7
  1 Beckhoff module(s) at FileVersion '15.0.0.0': TcXaeShell.exe
solution open: C:\Users\marce\AppData\Local\Temp\volt-probe-tc-identity-b4eca09a6ee84dceb7dbe2687a9f8fdd\TwinCAT Project14.sln projects=1
--- with the fixture solution open
TcRemoteManager.Version  : 3.1.4024.74
TcRemoteManager.Versions : 3.1.4024.74, 3.1.4024.50
modules listed: 7
  1 Beckhoff module(s) at FileVersion '15.0.0.0': TcXaeShell.exe
tsproj TcVersion attribute: 3.1.4024.74
registry HKLM\SOFTWARE\Beckhoff\TwinCAT3\System (Registry32 view) TcVersion: 3.1.4024.74
registry HKLM\SOFTWARE\Beckhoff\TwinCAT3\System (Registry64 view) TcVersion: <key absent>
