bridge: volt.bridge.twincat.2792  (cases called from PLC_PRG.prg)
baseline: 0 problem(s)
control: an error
   build: 
      error: Cannot convert type 'Unknown type: 'zz'' to type 'BOOL'
      error: Identifier 'zz' not defined
a FUNCTION named R_EDGE, called
   build: CLEAN
an FB named F_EDGE, instantiated
   build: CLEAN
an instance named R_EDGE
   build: CLEAN
a variable named F_EDGE
   build: CLEAN
control: a jump to a label
   held: NETWORK 0 FBD | NETWORK 1 FBD LABEL: Done
   build: CLEAN
one label on two networks, same case
   held: NETWORK 0 FBD LABEL: Done | NETWORK 1 FBD LABEL: Done | NETWORK 2 FBD
   build: 
      error: The label 'DONE' is a duplicate
one label on two networks, other case
   held: NETWORK 0 FBD LABEL: Done | NETWORK 1 FBD LABEL: DONE | NETWORK 2 FBD
   build: 
      error: The label 'DONE' is a duplicate
a LABEL on a DISABLED network as target
   held: NETWORK 0 FBD | NETWORK 1 FBD LABEL: Done DISABLED
   build: 
      error: No such label 'DONE' within the scope of the JMP statement.
a JMP inside a DISABLED network
   held: NETWORK 0 FBD DISABLED | NETWORK 1 FBD LABEL: Done
   build: 
      warning: The label 'DONE' has not been referenced
a JMP to a label no network carries
   held: NETWORK 0 FBD | NETWORK 1 FBD
   build: 
      error: No such label 'NOWHERE' within the scope of the JMP statement.
done
