twincat-project-settings task 1.1 — where TwinCAT 3.1.4024.74 (PLC = CODESYS 3.5.13) keeps the compiler settings
measured 2026-10-03, TcXaeShell 15.0, a COPY of test/fixtures/TwinCAT Project14 (PLC project Untitled2),
  ide.ps1 up -Vendor twincat -Fixture 14 -Instance twincat-project-settings
reads:  probe-tc-project-settings.ps1      (AI ProduceXml + the .plcproj, read-only)
writes: probe-tc-project-settings-gui.ps1  (warning checkboxes, real click) and ConsumeXml on the PLC project root

step                                   AI IECProjectDef/CompilerSettings            .plcproj (after Save All)
-------------------------------------  -------------------------------------------  -------------------------------------------------------------
baseline                               ReplaceConstants=false MaxWarnings=100       no CompilerDefines; option keys {192FAD59..}, {40450F57..}
                                       CompilerDefines=''                           (ActiveVisuProfile), {F66C7017..}; no warning/compile values
GUI: uncheck C0371                     unchanged (no warning surface at all)        + option {8F99A816-E488-41E4-9FA3-846536012284}
                                                                                      Values(String->String): DisabledWarningIds = "371"
GUI: uncheck C0033                     unchanged                                    DisabledWarningIds = "33,371"  (bare ints, ',' no space, ascending)
GUI: Replace constants ON              ReplaceConstants=true                        + option {E709B08B-B6E4-4966-8EED-D793A13114C6}
                                                                                      Values(String->Boolean): ReplaceConstants = "True"
GUI: Compiler defines VOLT_PROBE_DEF   CompilerDefines=VOLT_PROBE_DEF               PropertyGroup/<CompilerDefines>VOLT_PROBE_DEF</CompilerDefines>
GUI: Max warnings typed 50             100 (a typed value commits only when the     unchanged
                                       page is left — it later showed 50, LIVE,
                                       while the file still said 0, see below)
ConsumeXml MaxWarnings=50              MaxWarnings=50                               {E709B08B..}: ReplaceConstants = "true", MaxCompilerWarnings = "50"
                                                                                      (mixed value types: cvt dropped, spelling "true" not "True")
ConsumeXml ReplaceConstants=false,     ReplaceConstants=false MaxWarnings=0          {E709B08B..}: ReplaceConstants = "false", MaxCompilerWarnings = "0"
  MaxWarnings=0, CompilerDefines=A,B   CompilerDefines=A,B                          <CompilerDefines>A,B</CompilerDefines>
                                                                                    (an option once set stays as an explicit value; it is not removed)
GUI: re-check C0371 (the repo script)  —                                            DisabledWarningIds = "33"
GUI: re-check C0033 (set now EMPTY)    —                                            DisabledWarningIds = "33"  — NOT persisted. Save All twice, page
                                                                                      switch, Save All: still "33". Close + reopen the solution: the
                                                                                      Compiler Warnings page shows C0033 UNCHECKED again. The file is
                                                                                      what the IDE reloads; the last cleared id survives (vendor bug).
AI vs file freshness                   MaxWarnings=50 (pending page edit, unsaved)  MaxCompilerWarnings = "0" — ProduceXml is LIVE, the file is SAVED

the property pages (4024.74):
  Compile           : Compiler defines | System Compiler defines (read-only, device) | Download Application Info | Generate tpy |
                      [Solution options] Compiler Version | Maximum number of warnings ("<no limit>" is the only list item) |
                      Replace constants
  Compiler Warnings : ONE checkbox per warning (on / off) — 48 ids C0033..C0441, C0371 among them. NO "error" state.
  Advanced          : write options, multiuser, solution options — no Unicode identifiers / UTF-8 / breakpoint logging.

the CODESYS descriptor's rows -> TwinCAT source:
  Disabled warnings      .plcproj PlcProjectOptions XmlArchive, key {8F99A816-..}, DisabledWarningIds  (no AI surface)
  Warnings as errors     NONE — the page has no third state; LanguageModelManager 3.5.13.99 has no WarningAsError member
  Replace constants      AI CompilerSettings/ReplaceConstants (live) | file key {E709B08B-..} ReplaceConstants (absent until first set)
  Unicode identifiers    NONE in the UI (ILMCompileOptions.UnicodeIdentifiers exists in 3.5.13 but no page sets it, no file value)
  UTF-8 encoding         NONE (3.5.13 has get_UTF8 only; no page, no file value)
  Max compiler warnings  AI CompilerSettings/MaxWarnings (live) | file key {E709B08B-..} MaxCompilerWarnings (absent until set)
  Breakpoint logging     NONE in the UI (EnableBreakpointLogging exists in 3.5.13; no page, no file value)
  Project defines        AI CompilerSettings/CompilerDefines (live) | file PropertyGroup/CompilerDefines
